[    0.000000] Initializing cgroup subsys cpuset
[    0.000000] Initializing cgroup subsys cpu
[    0.000000] Initializing cgroup subsys cpuacct
[    0.000000] Linux version 4.4.0-171-generic (buildd@lcy01-amd64-018) (gcc version 5.4.0 20160609 (Ubuntu 5.4.0-6ubuntu1~16.04.12) ) #200-Ubuntu SMP Tue Dec 3 11:04:55 UTC 2019 (Ubuntu 4.4.0-171.200-generic 4.4.203)
[    0.000000] Command line: BOOT_IMAGE=/boot/vmlinuz-4.4.0-171-generic root=LABEL=cloudimg-rootfs ro console=tty1 console=ttyS0
[    0.000000] KERNEL supported cpus:
[    0.000000]   Intel GenuineIntel
[    0.000000]   AMD AuthenticAMD
[    0.000000]   Centaur CentaurHauls
[    0.000000] x86/fpu: xstate_offset[2]:  576, xstate_sizes[2]:  256
[    0.000000] x86/fpu: Supporting XSAVE feature 0x01: 'x87 floating point registers'
[    0.000000] x86/fpu: Supporting XSAVE feature 0x02: 'SSE registers'
[    0.000000] x86/fpu: Supporting XSAVE feature 0x04: 'AVX registers'
[    0.000000] x86/fpu: Enabled xstate features 0x7, context size is 832 bytes, using 'standard' format.
[    0.000000] e820: BIOS-provided physical RAM map:
[    0.000000] BIOS-e820: [mem 0x0000000000000000-0x000000000009fbff] usable
[    0.000000] BIOS-e820: [mem 0x000000000009fc00-0x000000000009ffff] reserved
[    0.000000] BIOS-e820: [mem 0x00000000000f0000-0x00000000000fffff] reserved
[    0.000000] BIOS-e820: [mem 0x0000000000100000-0x000000007ffeffff] usable
[    0.000000] BIOS-e820: [mem 0x000000007fff0000-0x000000007fffffff] ACPI data
[    0.000000] BIOS-e820: [mem 0x00000000fec00000-0x00000000fec00fff] reserved
[    0.000000] BIOS-e820: [mem 0x00000000fee00000-0x00000000fee00fff] reserved
[    0.000000] BIOS-e820: [mem 0x00000000fffc0000-0x00000000ffffffff] reserved
[    0.000000] NX (Execute Disable) protection: active
[    0.000000] SMBIOS 2.5 present.
[    0.000000] Hypervisor detected: KVM
[    0.000000] e820: last_pfn = 0x7fff0 max_arch_pfn = 0x400000000
[    0.000000] MTRR: Disabled
[    0.000000] x86/PAT: MTRRs disabled, skipping PAT initialization too.
[    0.000000] CPU MTRRs all blank - virtualized system.
[    0.000000] x86/PAT: Configuration [0-7]: WB  WT  UC- UC  WB  WT  UC- UC  
[    0.000000] found SMP MP-table at [mem 0x0009fff0-0x0009ffff] mapped at [ffff88000009fff0]
[    0.000000] Scanning 1 areas for low memory corruption
[    0.000000] RAMDISK: [mem 0x362e2000-0x37168fff]
[    0.000000] ACPI: Early table checksum verification disabled
[    0.000000] ACPI: RSDP 0x00000000000E0000 000024 (v02 VBOX  )
[    0.000000] ACPI: XSDT 0x000000007FFF0030 00003C (v01 VBOX   VBOXXSDT 00000001 ASL  00000061)
[    0.000000] ACPI: FACP 0x000000007FFF00F0 0000F4 (v04 VBOX   VBOXFACP 00000001 ASL  00000061)
[    0.000000] ACPI: DSDT 0x000000007FFF0470 0022EA (v02 VBOX   VBOXBIOS 00000002 INTL 20100528)
[    0.000000] ACPI: FACS 0x000000007FFF0200 000040
[    0.000000] ACPI: FACS 0x000000007FFF0200 000040
[    0.000000] ACPI: APIC 0x000000007FFF0240 00005C (v02 VBOX   VBOXAPIC 00000001 ASL  00000061)
[    0.000000] ACPI: SSDT 0x000000007FFF02A0 0001CC (v01 VBOX   VBOXCPUT 00000002 INTL 20100528)
[    0.000000] No NUMA configuration found
[    0.000000] Faking a node at [mem 0x0000000000000000-0x000000007ffeffff]
[    0.000000] NODE_DATA(0) allocated [mem 0x7ffeb000-0x7ffeffff]
[    0.000000] kvm-clock: Using msrs 4b564d01 and 4b564d00
[    0.000000] kvm-clock: cpu 0, msr 0:7ffe3001, primary cpu clock
[    0.000000] kvm-clock: using sched offset of 3451303698 cycles
[    0.000000] clocksource: kvm-clock: mask: 0xffffffffffffffff max_cycles: 0x1cd42e4dffb, max_idle_ns: 881590591483 ns
[    0.000000] Zone ranges:
[    0.000000]   DMA      [mem 0x0000000000001000-0x0000000000ffffff]
[    0.000000]   DMA32    [mem 0x0000000001000000-0x000000007ffeffff]
[    0.000000]   Normal   empty
[    0.000000]   Device   empty
[    0.000000] Movable zone start for each node
[    0.000000] Early memory node ranges
[    0.000000]   node   0: [mem 0x0000000000001000-0x000000000009efff]
[    0.000000]   node   0: [mem 0x0000000000100000-0x000000007ffeffff]
[    0.000000] Initmem setup node 0 [mem 0x0000000000001000-0x000000007ffeffff]
[    0.000000] ACPI: PM-Timer IO Port: 0x4008
[    0.000000] IOAPIC[0]: apic_id 2, version 32, address 0xfec00000, GSI 0-23
[    0.000000] ACPI: INT_SRC_OVR (bus 0 bus_irq 0 global_irq 2 dfl dfl)
[    0.000000] ACPI: INT_SRC_OVR (bus 0 bus_irq 9 global_irq 9 low level)
[    0.000000] Using ACPI (MADT) for SMP configuration information
[    0.000000] smpboot: Allowing 2 CPUs, 0 hotplug CPUs
[    0.000000] PM: Registered nosave memory: [mem 0x00000000-0x00000fff]
[    0.000000] PM: Registered nosave memory: [mem 0x0009f000-0x0009ffff]
[    0.000000] PM: Registered nosave memory: [mem 0x000a0000-0x000effff]
[    0.000000] PM: Registered nosave memory: [mem 0x000f0000-0x000fffff]
[    0.000000] e820: [mem 0x80000000-0xfebfffff] available for PCI devices
[    0.000000] Booting paravirtualized kernel on KVM
[    0.000000] clocksource: refined-jiffies: mask: 0xffffffff max_cycles: 0xffffffff, max_idle_ns: 7645519600211568 ns
[    0.000000] setup_percpu: NR_CPUS:512 nr_cpumask_bits:512 nr_cpu_ids:2 nr_node_ids:1
[    0.000000] PERCPU: Embedded 33 pages/cpu @ffff88007fc00000 s95448 r8192 d31528 u1048576
[    0.000000] Built 1 zonelists in Node order, mobility grouping on.  Total pages: 515960
[    0.000000] Policy zone: DMA32
[    0.000000] Kernel command line: BOOT_IMAGE=/boot/vmlinuz-4.4.0-171-generic root=LABEL=cloudimg-rootfs ro console=tty1 console=ttyS0
[    0.000000] PID hash table entries: 4096 (order: 3, 32768 bytes)
[    0.000000] Memory: 2029872K/2096696K available (8626K kernel code, 1336K rwdata, 4032K rodata, 1488K init, 1288K bss, 66824K reserved, 0K cma-reserved)
[    0.000000] SLUB: HWalign=64, Order=0-3, MinObjects=0, CPUs=2, Nodes=1
[    0.000000] Kernel/User page tables isolation: enabled
[    0.000000] Hierarchical RCU implementation.
[    0.000000] 	Build-time adjustment of leaf fanout to 64.
[    0.000000] 	RCU restricting CPUs from NR_CPUS=512 to nr_cpu_ids=2.
[    0.000000] RCU: Adjusting geometry for rcu_fanout_leaf=64, nr_cpu_ids=2
[    0.000000] NR_IRQS:33024 nr_irqs:440 16
[    0.000000] Console: colour VGA+ 80x25
[    0.000000] console [tty1] enabled
[    0.000000] console [ttyS0] enabled
[    0.000000] tsc: Detected 2900.000 MHz processor
[    0.291295] Calibrating delay loop (skipped) preset value.. 5800.00 BogoMIPS (lpj=11600000)
[    0.296294] pid_max: default: 32768 minimum: 301
[    0.297425] ACPI: Core revision 20150930
[    0.299417] ACPI: 2 ACPI AML tables successfully acquired and loaded
[    0.300980] Security Framework initialized
[    0.302051] Yama: becoming mindful.
[    0.303116] AppArmor: AppArmor initialized
[    0.305719] Dentry cache hash table entries: 262144 (order: 9, 2097152 bytes)
[    0.308283] Inode-cache hash table entries: 131072 (order: 8, 1048576 bytes)
[    0.312236] Mount-cache hash table entries: 4096 (order: 3, 32768 bytes)
[    0.314820] Mountpoint-cache hash table entries: 4096 (order: 3, 32768 bytes)
[    0.317091] Initializing cgroup subsys io
[    0.318119] Initializing cgroup subsys memory
[    0.319179] Initializing cgroup subsys devices
[    0.320559] Initializing cgroup subsys freezer
[    0.322569] Initializing cgroup subsys net_cls
[    0.324837] Initializing cgroup subsys perf_event
[    0.326275] Initializing cgroup subsys net_prio
[    0.327910] Initializing cgroup subsys hugetlb
[    0.330144] Initializing cgroup subsys pids
[    0.333313] mce: CPU supports 0 MCE banks
[    0.334793] Last level iTLB entries: 4KB 64, 2MB 8, 4MB 8
[    0.336334] Last level dTLB entries: 4KB 64, 2MB 0, 4MB 0, 1GB 4
[    0.338019] Spectre V1 : Mitigation: usercopy/swapgs barriers and __user pointer sanitization
[    0.340888] Spectre V2 : Mitigation: Full generic retpoline
[    0.342551] Spectre V2 : Spectre v2 / SpectreRSB mitigation: Filling RSB on context switch
[    0.345185] Speculative Store Bypass: Vulnerable
[    0.346580] MDS: Mitigation: Clear CPU buffers
[    0.350668] Freeing SMP alternatives memory: 36K
[    0.357825] ftrace: allocating 32302 entries in 127 pages
[    0.420061] smpboot: APIC(0) Converting physical 0 to logical package 0
[    0.422177] smpboot: Max logical packages: 1
[    0.423885] x2apic enabled
[    0.426572] Switched APIC routing to physical x2apic.
[    0.429759] ..TIMER: vector=0x30 apic1=0 pin1=2 apic2=-1 pin2=-1
[    0.539758] smpboot: CPU0: Intel(R) Core(TM) i5-5287U CPU @ 2.90GHz (family: 0x6, model: 0x3d, stepping: 0x4)
[    0.542834] Performance Events: unsupported p6 CPU model 61 no PMU driver, software events only.
[    0.555742] KVM setup paravirtual spinlock
[    0.560701] x86: Booting SMP configuration:
[    0.562154] .... node  #0, CPUs:      #1
[    0.563798] kvm-clock: cpu 1, msr 0:7ffe3041, secondary cpu clock
[    0.566360] mce: CPU supports 0 MCE banks
[    0.572232] x86: Booted up 1 node, 2 CPUs
[    0.573596] smpboot: Total of 2 processors activated (11600.00 BogoMIPS)
[    0.575885] devtmpfs: initialized
[    0.578354] evm: security.selinux
[    0.579260] evm: security.SMACK64
[    0.580250] evm: security.SMACK64EXEC
[    0.581484] evm: security.SMACK64TRANSMUTE
[    0.582927] evm: security.SMACK64MMAP
[    0.584590] evm: security.ima
[    0.585803] evm: security.capability
[    0.587067] clocksource: jiffies: mask: 0xffffffff max_cycles: 0xffffffff, max_idle_ns: 7645041785100000 ns
[    0.590237] futex hash table entries: 512 (order: 3, 32768 bytes)
[    0.592267] pinctrl core: initialized pinctrl subsystem
[    0.593851] RTC time: 10:00:34, date: 01/29/20
[    0.595189] NET: Registered protocol family 16
[    0.608152] cpuidle: using governor ladder
[    0.620377] cpuidle: using governor menu
[    0.622768] PCCT header not found.
[    0.624310] ACPI: bus type PCI registered
[    0.625402] acpiphp: ACPI Hot Plug PCI Controller Driver version: 0.5
[    0.627091] PCI: Using configuration type 1 for base access
[    0.645189] ACPI: Added _OSI(Module Device)
[    0.646357] ACPI: Added _OSI(Processor Device)
[    0.647645] ACPI: Added _OSI(3.0 _SCP Extensions)
[    0.648885] ACPI: Added _OSI(Processor Aggregator Device)
[    0.650840] ACPI: Executed 1 blocks of module-level executable AML code
[    0.654267] ACPI: Interpreter enabled
[    0.655169] ACPI: (supports S0 S5)
[    0.656464] ACPI: Using IOAPIC for interrupt routing
[    0.658195] PCI: Using host bridge windows from ACPI; if necessary, use "pci=nocrs" and report a bug
[    0.665015] ACPI: PCI Root Bridge [PCI0] (domain 0000 [bus 00-ff])
[    0.666774] acpi PNP0A03:00: _OSC: OS supports [ASPM ClockPM Segments MSI]
[    0.668589] acpi PNP0A03:00: _OSC: not requesting OS control; OS requires [ExtendedConfig ASPM ClockPM MSI]
[    0.670784] acpi PNP0A03:00: fail to add MMCONFIG information, can't access extended PCI configuration space under this bridge.
[    0.673826] PCI host bridge to bus 0000:00
[    0.674872] pci_bus 0000:00: root bus resource [io  0x0000-0x0cf7 window]
[    0.676696] pci_bus 0000:00: root bus resource [io  0x0d00-0xffff window]
[    0.678583] pci_bus 0000:00: root bus resource [mem 0x000a0000-0x000bffff window]
[    0.680737] pci_bus 0000:00: root bus resource [mem 0x80000000-0xfdffffff window]
[    0.683585] pci_bus 0000:00: root bus resource [bus 00-ff]
[    0.687971] pci 0000:00:01.1: legacy IDE quirk: reg 0x10: [io  0x01f0-0x01f7]
[    0.690610] pci 0000:00:01.1: legacy IDE quirk: reg 0x14: [io  0x03f6]
[    0.692051] pci 0000:00:01.1: legacy IDE quirk: reg 0x18: [io  0x0170-0x0177]
[    0.693700] pci 0000:00:01.1: legacy IDE quirk: reg 0x1c: [io  0x0376]
[    0.740870] pci 0000:00:07.0: quirk: [io  0x4000-0x403f] claimed by PIIX4 ACPI
[    0.743995] pci 0000:00:07.0: quirk: [io  0x4100-0x410f] claimed by PIIX4 SMB
[    0.759749] ACPI: PCI Interrupt Link [LNKA] (IRQs 5 9 10 *11)
[    0.762457] ACPI: PCI Interrupt Link [LNKB] (IRQs 5 9 *10 11)
[    0.764922] ACPI: PCI Interrupt Link [LNKC] (IRQs 5 *9 10 11)
[    0.766803] ACPI: PCI Interrupt Link [LNKD] (IRQs 5 9 10 *11)
[    0.768833] ACPI: Enabled 2 GPEs in block 00 to 07
[    0.770440] vgaarb: setting as boot device: PCI:0000:00:02.0
[    0.771755] vgaarb: device added: PCI:0000:00:02.0,decodes=io+mem,owns=io+mem,locks=none
[    0.773675] vgaarb: loaded
[    0.774394] vgaarb: bridge control possible 0000:00:02.0
[    0.775830] SCSI subsystem initialized
[    0.777112] ACPI: bus type USB registered
[    0.778226] usbcore: registered new interface driver usbfs
[    0.779496] usbcore: registered new interface driver hub
[    0.780951] usbcore: registered new device driver usb
[    0.782396] PCI: Using ACPI for IRQ routing
[    0.783937] NetLabel: Initializing
[    0.785008] NetLabel:  domain hash size = 128
[    0.786127] NetLabel:  protocols = UNLABELED CIPSOv4
[    0.787681] NetLabel:  unlabeled traffic allowed by default
[    0.789315] amd_nb: Cannot enumerate AMD northbridges
[    0.790633] clocksource: Switched to clocksource kvm-clock
[    0.800505] AppArmor: AppArmor Filesystem Enabled
[    0.801748] pnp: PnP ACPI init
[    0.803750] pnp: PnP ACPI: found 3 devices
[    0.815926] clocksource: acpi_pm: mask: 0xffffff max_cycles: 0xffffff, max_idle_ns: 2085701024 ns
[    0.818156] NET: Registered protocol family 2
[    0.819340] TCP established hash table entries: 16384 (order: 5, 131072 bytes)
[    0.821091] TCP bind hash table entries: 16384 (order: 6, 262144 bytes)
[    0.822573] TCP: Hash tables configured (established 16384 bind 16384)
[    0.824141] UDP hash table entries: 1024 (order: 3, 32768 bytes)
[    0.825609] UDP-Lite hash table entries: 1024 (order: 3, 32768 bytes)
[    0.827111] NET: Registered protocol family 1
[    0.828156] pci 0000:00:00.0: Limiting direct PCI/PCI transfers
[    0.829693] pci 0000:00:01.0: Activating ISA DMA hang workarounds
[    0.831629] Unpacking initramfs...
[    1.047901] Freeing initrd memory: 14876K
[    1.049137] RAPL PMU detected, API unit is 2^-32 Joules, 4 fixed counters 10737418240 ms ovfl timer
[    1.051504] hw unit of domain pp0-core 2^-0 Joules
[    1.052687] hw unit of domain package 2^-0 Joules
[    1.053811] hw unit of domain dram 2^-0 Joules
[    1.054913] hw unit of domain pp1-gpu 2^-0 Joules
[    1.056414] clocksource: tsc: mask: 0xffffffffffffffff max_cycles: 0x29cd42e80b2, max_idle_ns: 440795228349 ns
[    1.058835] platform rtc_cmos: registered platform RTC device (no PNP device found)
[    1.060870] Scanning for low memory corruption every 60 seconds
[    1.063001] audit: initializing netlink subsys (disabled)
[    1.065027] audit: type=2000 audit(1580292039.647:1): initialized
[    1.067148] Initialise system trusted keyring
[    1.069067] HugeTLB registered 2 MB page size, pre-allocated 0 pages
[    1.072119] zbud: loaded
[    1.073246] VFS: Disk quotas dquot_6.6.0
[    1.074256] VFS: Dquot-cache hash table entries: 512 (order 0, 4096 bytes)
[    1.076177] squashfs: version 4.0 (2009/01/31) Phillip Lougher
[    1.077790] fuse init (API version 7.23)
[    1.078869] Key type big_key registered
[    1.079891] Allocating IMA MOK and blacklist keyrings.
[    1.082602] Key type asymmetric registered
[    1.083729] Asymmetric key parser 'x509' registered
[    1.084917] Block layer SCSI generic (bsg) driver version 0.4 loaded (major 249)
[    1.086907] io scheduler noop registered
[    1.087867] io scheduler deadline registered (default)
[    1.089121] io scheduler cfq registered
[    1.090202] pci_hotplug: PCI Hot Plug PCI Core version: 0.5
[    1.091533] pciehp: PCI Express Hot Plug Controller Driver version: 0.4
[    1.093320] ACPI: AC Adapter [AC] (on-line)
[    1.094398] input: Power Button as /devices/LNXSYSTM:00/LNXPWRBN:00/input/input0
[    1.096425] ACPI: Power Button [PWRF]
[    1.097427] input: Sleep Button as /devices/LNXSYSTM:00/LNXSLPBN:00/input/input1
[    1.099184] ACPI: Sleep Button [SLPF]
[    1.101681] ACPI: Battery Slot [BAT0] (battery present)
[    1.103003] GHES: HEST is not enabled!
[    1.104477] Serial: 8250/16550 driver, 32 ports, IRQ sharing enabled
[    1.126652] 00:02: ttyS0 at I/O 0x3f8 (irq = 4, base_baud = 115200) is a 16550A
[    1.129950] Linux agpgart interface v0.103
[    1.134568] loop: module loaded
[    1.136031] scsi host0: ata_piix
[    1.137076] scsi host1: ata_piix
[    1.138210] ata1: PATA max UDMA/33 cmd 0x1f0 ctl 0x3f6 bmdma 0xd000 irq 14
[    1.140505] ata2: PATA max UDMA/33 cmd 0x170 ctl 0x376 bmdma 0xd008 irq 15
[    1.142873] libphy: Fixed MDIO Bus: probed
[    1.144765] tun: Universal TUN/TAP device driver, 1.6
[    1.146872] tun: (C) 1999-2004 Max Krasnyansky <maxk@qualcomm.com>
[    1.148710] PPP generic driver version 2.4.2
[    1.151038] ehci_hcd: USB 2.0 'Enhanced' Host Controller (EHCI) Driver
[    1.153732] ehci-pci: EHCI PCI platform driver
[    1.155270] ehci-platform: EHCI generic platform driver
[    1.158098] ohci_hcd: USB 1.1 'Open' Host Controller (OHCI) Driver
[    1.159811] ohci-pci: OHCI PCI platform driver
[    1.161252] ohci-platform: OHCI generic platform driver
[    1.162867] uhci_hcd: USB Universal Host Controller Interface driver
[    1.164988] i8042: PNP: PS/2 Controller [PNP0303:PS2K,PNP0f03:PS2M] at 0x60,0x64 irq 1,12
[    1.168604] serio: i8042 KBD port at 0x60,0x64 irq 1
[    1.170504] serio: i8042 AUX port at 0x60,0x64 irq 12
[    1.172679] mousedev: PS/2 mouse device common for all mice
[    1.175738] rtc_cmos rtc_cmos: rtc core: registered rtc_cmos as rtc0
[    1.178864] input: AT Translated Set 2 keyboard as /devices/platform/i8042/serio0/input/input2
[    1.183259] rtc_cmos rtc_cmos: alarms up to one day, 114 bytes nvram
[    1.185719] i2c /dev entries driver
[    1.187842] device-mapper: uevent: version 1.0.3
[    1.190069] device-mapper: ioctl: 4.34.0-ioctl (2015-10-28) initialised: dm-devel@redhat.com
[    1.194301] ledtrig-cpu: registered to indicate activity on CPUs
[    1.198117] NET: Registered protocol family 10
[    1.200686] NET: Registered protocol family 17
[    1.203545] Key type dns_resolver registered
[    1.207334] registered taskstats version 1
[    1.210172] Loading compiled-in X.509 certificates
[    1.214024] Loaded X.509 cert 'Build time autogenerated kernel key: e951a32ceec0422669d36e9913b2c7dea5e0a587'
[    1.218818] zswap: loaded using pool lzo/zbud
[    1.225301] Key type trusted registered
[    1.234725] Key type encrypted registered
[    1.236625] AppArmor: AppArmor sha1 policy hashing enabled
[    1.239141] ima: No TPM chip found, activating TPM-bypass!
[    1.241657] ima: Allocated hash algorithm: sha1
[    1.244144] evm: HMAC attrs: 0x1
[    1.247174]   Magic number: 4:170:23
[    1.249791] rtc_cmos rtc_cmos: setting system clock to 2020-01-29 10:00:34 UTC (1580292034)
[    1.254739] BIOS EDD facility v0.16 2004-Jun-25, 0 devices found
[    1.261077] EDD information not available.
[    1.300861] Freeing unused kernel memory: 1488K
[    1.302140] Write protecting the kernel read-only data: 14336k
[    1.304351] Freeing unused kernel memory: 1604K
[    1.305865] Freeing unused kernel memory: 64K
Loading, please wait...
starting version 229
[    1.325095] random: systemd-udevd: uninitialized urandom read (16 bytes read, 3 bits of entropy available)
[    1.325984] random: udevadm: uninitialized urandom read (16 bytes read, 3 bits of entropy available)
[    1.326014] random: udevadm: uninitialized urandom read (16 bytes read, 3 bits of entropy available)
[    1.336844] random: systemd-udevd: uninitialized urandom read (16 bytes read, 3 bits of entropy available)
[    1.337534] random: udevadm: uninitialized urandom read (16 bytes read, 3 bits of entropy available)
[    1.337632] random: udevadm: uninitialized urandom read (16 bytes read, 3 bits of entropy available)
[    1.337859] random: udevadm: uninitialized urandom read (16 bytes read, 3 bits of entropy available)
[    1.337931] random: udevadm: uninitialized urandom read (16 bytes read, 3 bits of entropy available)
[    1.338001] random: udevadm: uninitialized urandom read (16 bytes read, 3 bits of entropy available)
[    1.338072] random: udevadm: uninitialized urandom read (16 bytes read, 3 bits of entropy available)
[    1.401381] Fusion MPT base driver 3.04.20
[    1.402727] Copyright (c) 1999-2008 LSI Corporation
[    1.405424] e1000: Intel(R) PRO/1000 Network Driver - version 7.3.21-k8-NAPI
[    1.408073] e1000: Copyright (c) 1999-2006 Intel Corporation.
[    1.429584] Fusion MPT SPI Host driver 3.04.20
[    1.433880] AVX2 version of gcm_enc/dec engaged.
[    1.435384] AES CTR mode by8 optimization enabled
[    1.611939] input: ImExPS/2 Generic Explorer Mouse as /devices/platform/i8042/serio1/input/input4
[    1.839849] e1000 0000:00:03.0 eth0: (PCI:33MHz:32-bit) 02:dd:a3:75:e5:c1
[    1.841653] e1000 0000:00:03.0 eth0: Intel(R) PRO/1000 Network Connection
[    1.844115] mptbase: ioc0: Initiating bringup
[    1.845245] e1000 0000:00:03.0 enp0s3: renamed from eth0
[    1.915561] ioc0: LSI53C1030 A0: Capabilities={Initiator}
[    2.076889] scsi host2: ioc0: LSI53C1030 A0, FwRev=00000000h, Ports=1, MaxQ=256, IRQ=20
[    2.192161] scsi 2:0:0:0: Direct-Access     VBOX     HARDDISK         1.0  PQ: 0 ANSI: 5
[    2.194542] scsi target2:0:0: Beginning Domain Validation
[    2.198120] scsi target2:0:0: Domain Validation skipping write tests
[    2.199624] scsi target2:0:0: Ending Domain Validation
[    2.210004] scsi target2:0:0: asynchronous
[    2.211927] scsi 2:0:1:0: Direct-Access     VBOX     HARDDISK         1.0  PQ: 0 ANSI: 5
[    2.214966] scsi target2:0:1: Beginning Domain Validation
[    2.217797] scsi target2:0:1: Domain Validation skipping write tests
[    2.219657] scsi target2:0:1: Ending Domain Validation
[    2.221672] scsi target2:0:1: asynchronous
[    2.236036] sd 2:0:0:0: [sda] 20971520 512-byte logical blocks: (10.7 GB/10.0 GiB)
[    2.237054] sd 2:0:0:0: Attached scsi generic sg0 type 0
[    2.238319] sd 2:0:1:0: [sdb] 20480 512-byte logical blocks: (10.5 MB/10.0 MiB)
[    2.238755] sd 2:0:1:0: Attached scsi generic sg1 type 0
[    2.238812] sd 2:0:1:0: [sdb] Write Protect is off
[    2.239722] sd 2:0:1:0: [sdb] Incomplete mode parameter data
[    2.239724] sd 2:0:1:0: [sdb] Assuming drive cache: write through
[    2.244121] sd 2:0:1:0: [sdb] Attached SCSI disk
[    2.256262] sd 2:0:0:0: [sda] Write Protect is off
[    2.259187] sd 2:0:0:0: [sda] Incomplete mode parameter data
[    2.262215] sd 2:0:0:0: [sda] Assuming drive cache: write through
[    2.269550]  sda: sda1
[    2.271830] sd 2:0:0:0: [sda] Attached SCSI disk
Begin: Loading essential drivers ... [    3.649713] md: linear personality registered for level -1
[    3.653359] md: multipath personality registered for level -4
[    3.657937] md: raid0 personality registered for level 0
[    3.664372] md: raid1 personality registered for level 1
[    3.734872] raid6: sse2x1   gen()  9658 MB/s
[    3.802770] raid6: sse2x1   xor()  7583 MB/s
[    3.870956] raid6: sse2x2   gen() 12665 MB/s
[    3.938805] raid6: sse2x2   xor()  8383 MB/s
[    4.006729] raid6: sse2x4   gen() 12196 MB/s
[    4.075033] raid6: sse2x4   xor()  8530 MB/s
[    4.142870] raid6: avx2x1   gen() 18748 MB/s
[    4.210837] raid6: avx2x2   gen() 21832 MB/s
[    4.279223] raid6: avx2x4   gen() 23893 MB/s
[    4.280346] raid6: using algorithm avx2x4 gen() 23893 MB/s
[    4.281715] raid6: using avx2x2 recovery algorithm
[    4.284308] xor: automatically using best checksumming function:
[    4.322855]    avx       : 26534.000 MB/sec
[    4.325208] async_tx: api initialized (async)
[    4.335658] md: raid6 personality registered for level 6
[    4.337655] md: raid5 personality registered for level 5
[    4.339175] md: raid4 personality registered for level 4
[    4.347524] md: raid10 personality registered for level 10
done.
Begin: Running /scripts/init-premount ... done.
Begin: Mounting root file system ... Begin: Running /scripts/local-top ... done.
Begin: Running /scripts/local-premount ... [    4.387746] Btrfs loaded
Scanning for Btrfs filesystems
done.
Warning: fsck not present, so skipping root file system
[    4.415656] EXT4-fs (sda1): mounted filesystem with ordered data mode. Opts: (null)
done.
Begin: Running /scripts/local-bottom ... done.
Begin: Running /scripts/init-bottom ... done.
[    4.508197] systemd[1]: systemd 229 running in system mode. (+PAM +AUDIT +SELINUX +IMA +APPARMOR +SMACK +SYSVINIT +UTMP +LIBCRYPTSETUP +GCRYPT +GNUTLS +ACL +XZ -LZ4 +SECCOMP +BLKID +ELFUTILS +KMOD -IDN)
[    4.512851] systemd[1]: Detected virtualization oracle.
[    4.514598] systemd[1]: Detected architecture x86-64.

Welcome to [1mUbuntu 16.04.6 LTS[0m!

[    4.520563] systemd[1]: Set hostname to <ubuntu>.
[    4.528720] systemd[1]: Initializing machine ID from random generator.
[    4.530348] systemd[1]: Installed transient /etc/machine-id file.
[    4.728858] systemd[1]: Started Forward Password Requests to Wall Directory Watch.
[[0;32m  OK  [0m] Started Forward Password Requests to Wall Directory Watch.
[    4.737844] systemd[1]: Listening on LVM2 poll daemon socket.
[[0;32m  OK  [0m] Listening on LVM2 poll daemon socket.
[    4.742746] systemd[1]: Listening on LVM2 metadata daemon socket.
[[0;32m  OK  [0m] Listening on LVM2 metadata daemon socket.
[    4.746550] systemd[1]: Listening on Journal Socket.
[[0;32m  OK  [0m] Listening on Journal Socket.
[    4.749868] systemd[1]: Started Trigger resolvconf update for networkd DNS.
[[0;32m  OK  [0m] Started Trigger resolvconf update for networkd DNS.
[    4.754126] systemd[1]: Created slice System Slice.
[[0;32m  OK  [0m] Created slice System Slice.
[    4.771762] systemd[1]: Starting Create list of required static device nodes for the current kernel...
         Starting Create list of required st... nodes for the current kernel...
[    4.780392] systemd[1]: Starting Set console keymap...
         Starting Set console keymap...
[    4.784167] systemd[1]: Starting Uncomplicated firewall...
         Starting Uncomplicated firewall...
[    4.790910] systemd[1]: Starting Load Kernel Modules...
         Starting Load Kernel Modules...
[    4.794722] systemd[1]: Mounting POSIX Message Queue File System...
         Mounting POSIX Message Queue File System...
[    4.800630] systemd[1]: Starting Remount Root and Kernel File Systems...
[    4.803284] EXT4-fs (sda1): re-mounted. Opts: (null)
         Starting Remount Root and Kernel File Systems...
[    4.806014] systemd[1]: Listening on Journal Socket (/dev/log).
[[0;32m  OK  [0m] Listening on Journal Socket (/dev/log).
[    4.810214] systemd[1]: Created slice system-serial\x2dgetty.slice.
[[0;32m  OK  [0m] Created slice system-serial\x2dgetty.slice.
[    4.816436] Loading iSCSI transport class v2.0-870.
[    4.818430] systemd[1]: Starting Nameserver information manager...
         Starting Nameserver information manager...
[    4.821747] systemd[1]: Listening on Device-mapper event daemon FIFOs.
[[0;32m  OK  [0m] Listening on Device-mapper event daemon FIFOs.
[    4.825942] systemd[1]: Starting Monitoring of LVM2 mirrors, snapshots etc. using dmeventd or progress polling...
         Starting Monitoring of LVM2 mirrors... dmeventd or progress polling...
[    4.837397] systemd[1]: Reached target User and Group Name Lookups.
[[0;32m  OK  [0m] Reached target User and Group Name Lookups.
[    4.844863] systemd[1]: Listening on udev Control Socket.
[[0;32m  OK  [0m] Listening on udev Control Socket.
[    4.848222] systemd[1]: Mounting Debug File System...
         Mounting Debug File System...
[    4.851044] systemd[1]: Reached target Encrypted Volumes.
[[0;32m  OK  [0m] Reached target Encrypted Volumes.
[    4.854249] systemd[1]: Listening on udev Kernel Socket.
[[0;32m  OK  [0m] Listening on udev Kernel Socket.
[    4.857563] systemd[1]: Reached target System Time Synchronized.
[[0;32m  OK  [0m] Reached target System Time Synchronized.
[    4.860780] systemd[1]: Created slice User and Session Slice.
[[0;32m  OK  [0m] Created slice User and Session Slice.
[    4.864088] systemd[1]: Reached target Slices.
[[0;32m  OK  [0m] Reached target Slices.
[    4.866971] systemd[1]: Listening on Journal Audit Socket.
[    4.868852] iscsi: registered transport (tcp)
[[0;32m  OK  [0m] Listening on Journal Audit Socket.
[    4.870948] systemd[1]: Listening on /dev/initctl Compatibility Named Pipe.
[[0;32m  OK  [0m] Listening on /dev/initctl Compatibility Named Pipe.
[    4.874971] systemd[1]: Listening on Syslog Socket.
[[0;32m  OK  [0m] Listening on Syslog Socket.
[    4.891065] systemd[1]: Starting Journal Service...
         Starting Journal Service...
[    4.894017] systemd[1]: Reached target Swap.
[[0;32m  OK  [0m] Reached target Swap.
[    4.897820] iscsi: registered transport (iser)
[    4.897911] systemd[1]: Set up automount Arbitrary Executable File Formats File System Automount Point.
[[0;32m  OK  [0m] Set up automount Arbitrary Executab...ats File System Automount Point.
[    4.904272] systemd[1]: Mounting Huge Pages File System...
         Mounting Huge Pages File System...
[    4.913357] systemd[1]: Mounted POSIX Message Queue File System.
[[0;32m  OK  [0m] Mounted POSIX Message Queue File System.
[    4.916841] systemd[1]: Mounted Huge Pages File System.
[[0;32m  OK  [0m] Mounted Huge Pages File System.
[    4.920485] systemd[1]: Mounted Debug File System.
[[0;32m  OK  [0m] Mounted Debug File System.
[    4.924246] systemd[1]: Started Create list of required static device nodes for the current kernel.
[[0;32m  OK  [0m] Started Create list of required sta...ce nodes for the current kernel.
[    4.929080] systemd[1]: Started Set console keymap.
[[0;32m  OK  [0m] Started Set console keymap.
[    4.939662] systemd[1]: Started Uncomplicated firewall.
[[0;32m  OK  [0m] Started Uncomplicated firewall.
[    4.942897] systemd[1]: Started Load Kernel Modules.
[[0;32m  OK  [0m] Started Load Kernel Modules.
[    4.945878] systemd[1]: Started Remount Root and Kernel File Systems.
[[0;32m  OK  [0m] Started Remount Root and Kernel File Systems.
[    4.965304] systemd[1]: Started Journal Service.
[[0;32m  OK  [0m] Started Journal Service.
[[0;32m  OK  [0m] Started Nameserver information manager.
[[0;32m  OK  [0m] Started LVM2 metadata daemon.
         Starting Load/Save Random Seed...
         Starting Flush Journal to Persistent Storage...
         Starting udev Coldplug all Devices...
         Mounting FUSE Control File System...
         Starting Apply Kernel Variables...
         Starting Create Static Device Nodes in /dev...
[[0;32m  OK  [0m] Mounted FUSE Control File System.
[[0;32m  OK  [0m] Started Load/Save Random Seed.
[    5.013420] systemd-journald[400]: Received request to flush runtime journal from PID 1
[[0;32m  OK  [0m] Started Apply Kernel Variables.
[[0;32m  OK  [0m] Started Flush Journal to Persistent Storage.
[[0;32m  OK  [0m] Started Create Static Device Nodes in /dev.
         Starting udev Kernel Device Manager...
[[0;32m  OK  [0m] Started udev Kernel Device Manager.
[[0;32m  OK  [0m] Started udev Coldplug all Devices.
[[0;32m  OK  [0m] Started Dispatch Password Requests to Console Directory Watch.
[[0;32m  OK  [0m] Started Monitoring of LVM2 mirrors,...ng dmeventd or progress polling.
[[0;32m  OK  [0m] Reached target Local File Systems (Pre).
[[0;32m  OK  [0m] Reached target Local File Systems.
         Starting Initial cloud-init job (pre-networking)...
         Starting Commit a transient machine-id on disk...
         Starting Set console font and keymap...
         Starting LSB: AppArmor initialization...
         Starting Create Volatile Files and Directories...
         Starting Tell Plymouth To Write Out Runtime Data...
[[0;32m  OK  [0m] Found device /dev/ttyS0.
[[0;32m  OK  [0m] Started Create Volatile Files and Directories.
         Starting Update UTMP about System Boot/Shutdown...
[[0;32m  OK  [0m] Started Tell Plymouth To Write Out Runtime Data.
[[0;32m  OK  [0m] Started Update UTMP about System Boot/Shutdown.
[[0;32m  OK  [0m] Started Commit a transient machine-id on disk.
[[0;32m  OK  [0m] Listening on Load/Save RF Kill Switch Status /dev/rfkill Watch.
[    6.386727] [[0;32m  OK  [0m] Started LSB: AppArmor initialization.
cloud-init[495]: Cloud-init v. 19.3-41-gc4735dd3-0ubuntu1~16.04.1 running 'init-local' at Wed, 29 Jan 2020 10:00:39 +0000. Up 6.01 seconds.
[[0;32m  OK  [0m] Started Initial cloud-init job (pre-networking).
[[0;32m  OK  [0m] Reached target Network (Pre).
         Starting Raise network interfaces...
[[0;32m  OK  [0m] Started Set console font and keymap.
[[0;32m  OK  [0m] Created slice system-getty.slice.
[[0;32m  OK  [0m] Started Raise network interfaces.
[[0;32m  OK  [0m] Reached target Network.
         Starting Initial cloud-init job (metadata service crawler)...
[    7.630553] cloud-init[953]: Cloud-init v. 19.3-41-gc4735dd3-0ubuntu1~16.04.1 running 'init' at Wed, 29 Jan 2020 10:00:40 +0000. Up 7.18 seconds.
[    7.632708] cloud-init[953]: ci-info: ++++++++++++++++++++++++++++++++++++++Net device info++++++++++++++++++++++++++++++++++++++
[    7.644946] cloud-init[953]: ci-info: +--------+------+----------------------------+---------------+--------+-------------------+
[    7.647942] cloud-init[953]: ci-info: | Device |  Up  |          Address           |      Mask     | Scope  |     Hw-Address    |
[    7.651702] cloud-init[953]: ci-info: +--------+------+----------------------------+---------------+--------+-------------------+
[    7.655348] cloud-init[953]: ci-info: | enp0s3 | True |         10.0.2.15          | 255.255.255.0 | global | 02:dd:a3:75:e5:c1 |
[    7.668905] cloud-init[953]: ci-info: | enp0s3 | True | fe80::dd:a3ff:fe75:e5c1/64 |       .       |  link  | 02:dd:a3:75:e5:c1 |
[    7.676972] cloud-init[953]: ci-info: |   lo   | True |         127.0.0.1          |   255.0.0.0   |  host  |         .         |
[    7.684770] cloud-init[953]: ci-info: |   lo   | True |          ::1/128           |       .       |  host  |         .         |
[    7.686855] cloud-init[953]: ci-info: +--------+------+----------------------------+---------------+--------+-------------------+
[    7.690045] cloud-init[953]: ci-info: +++++++++++++++++++++++++++Route IPv4 info++++++++++++++++++++++++++++
[    7.692814] cloud-init[953]: ci-info: +-------+-------------+----------+---------------+-----------+-------+
[    7.695114] cloud-init[953]: ci-info: | Route | Destination | Gateway  |    Genmask    | Interface | Flags |
[    7.697616] cloud-init[953]: ci-info: +-------+-------------+----------+---------------+-----------+-------+
[    7.699632] cloud-init[953]: ci-info: |   0   |   0.0.0.0   | 10.0.2.2 |    0.0.0.0    |   enp0s3  |   UG  |
[    7.702083] cloud-init[953]: ci-info: |   1   |   10.0.2.0  | 0.0.0.0  | 255.255.255.0 |   enp0s3  |   U   |
[    7.704301] cloud-init[953]: ci-info: +-------+-------------+----------+---------------+-----------+-------+
[    7.706597] cloud-init[953]: ci-info: +++++++++++++++++++Route IPv6 info+++++++++++++++++++
[    7.708869] cloud-init[953]: ci-info: +-------+-------------+---------+-----------+-------+
[    7.710648] cloud-init[953]: ci-info: | Route | Destination | Gateway | Interface | Flags |
[    7.712409] cloud-init[953]: ci-info: +-------+-------------+---------+-----------+-------+[[0;32m  OK  [0m] 
Started Initial cloud-init job (metadata service crawler).
[    7.716466] cloud-init[953]: ci-info: |   0   |  fe80::/64  |    ::   |   enp0s3  |   U   |
[    7.724574] cloud-init[953]: ci-info: |   3   |   ff00::/8  |    ::   |   enp0s3  |   U   |
[    7.724933] cloud-init[953]: ci-info: +-------+-------------+---------+-----------+-------+
[    7.727640] cloud-init[953]: Generating public/private rsa key pair.
[    7.729392] cloud-init[953]: Your identification has been saved in /etc/ssh/ssh_host_rsa_key.
[    7.730946] cloud-init[953]: Your public key has been saved in /etc/ssh/ssh_host_rsa_key.pub.
[    7.733111] cloud-init[953]: The key fingerprint is:
[    7.734908] cloud-init[953]: SHA256:CWiLuAuv+60rPq5rw+cbIKlii6noIlFOZkhI40eL4Vk root@ubuntu-xenial
[    7.735762] cloud-init[953]: The key's randomart image is:
[    7.738273] cloud-init[953]: +---[RSA 2048]----+
[    7.739007] cloud-init[953]: |o+ E             |
[    7.739740] cloud-init[953]: |+.B ..           |
[    7.742106] cloud-init[953]: |.* oo .          |
[    7.742529] cloud-init[953]: |.o*o . . .       |
[    7.743662] cloud-init[953]: |+B. .   S        |
[    7.744589] cloud-init[953]: |+.o              |
[    7.744882] cloud-init[953]: |*o .             |
[[0;32m  OK  [0m] Reached target Network is Online.
[    7.746905] cloud-init[953]: |XO.o.            |
[    7.750439] cloud-init[953]: |^@X=o            |
[    7.760813] cloud-init[953]: +----[SHA256]-----+
[    7.762872] cloud-init[953]: Generating public/private dsa key pair.
[    7.764811] cloud-init[953]: Your identification has been saved in /etc/ssh/ssh_host_dsa_key.
[    7.765003] cloud-init[953]: Your public key has been saved in /etc/ssh/ssh_host_dsa_key.pub.
         Starting iSCSI initiator daemon (iscsid)...
[[0;32m  OK  [0m] [    7.767789] Reached target System Initialization.cloud-init
[953]: The key fingerprint is:
[    7.773064] cloud-init[953]: SHA256:QDvt0LLq6tVDdsMOYepoThDb9L3WHMPhqYrs8D42lmk root@ubuntu-xenial
[    7.780564] [[0;32m  OK  [0m] Listening on ACPID Listen Socket.
[[0;32m  OK  [0m] Started Daily Cleanup of Temporary Directories.
[[0;32m  OK  [0m] Listening on D-Bus System Message Bus Socket.
cloud-init[953]: The key's randomart image is:
         Starting LXD - unix socket.
[    7.788623] cloud-init[[0;32m  OK  [0m] Listening on UUID daemon activation socket.
[[953]: +---[DSA 1024]----+
[0;32m  OK  [0m] Started Message of the Day.
         Starting Socket activation for snappy daemon.
[[0;32m  OK  [0m] Started Daily apt download activities.
[[0;32m  OK  [0m] Started Daily apt upgrade and clean activities.
[[0;32m  OK  [0m] Reached target Timers.
[    7.799520] cloud-init[953]: |      .          |
[    7.808729] cloud-init[953]: |     . +         |
[    7.810617] cloud-init[953]: |. .   O +        |
[    7.816513] cloud-init[953]: | = . + % o       |
[    7.828614] cloud-init[953]: |o . o * S        |
[[0;32m  OK  [0m] Started ACPI Events Check.
[[0;32m  OK  [0m] Reached target Paths.
[[0;32m  OK  [0m] Reached target Cloud-config availability.
[    7.832887] cloud-init[953]: | . o = O +       |
[    7.842544] cloud-init[953]: |. +o+ * +        |
[    7.844557] cloud-init[953]: | BE+ o .         |
[    7.846697] cloud-init[953]: | BX+o            |
[    7.849069] cloud-init[953]: +----[SHA256]-----+
[    7.850824] cloud-init[953]: Generating public/private ecdsa key pair.
[    7.861086] cloud-init[953]: Your identification has been saved in /etc/ssh/ssh_host_ecdsa_key.
[    7.869942] cloud-init[953]: [[0;32m  OK  [0m] Listening on LXD - unix socket.
[[0;32m  OK  [0m] Listening on Socket activation for snappy daemon.
Your public key has been saved in /etc/ssh/ssh_host_ecdsa_key.pub.
[    7.876462] [[0;32m  OK  [0m] Reached target Sockets.
[[0;32m  OK  [0mcloud-init] [953]: Reached target Basic System.The key fingerprint is:
[    7.880986] cloud-init[953]: SHA256:n9ZqEFm8huOcZKsUP+jmpC/HzUHi58DPcOXJIN4xsBA root@ubuntu-xenial

[    7.883532] cloud-init[953]: The key's randomart image is:[[0;32m  OK  [0m] Started ACPI event daemon.
[[0;32m  OK  [0m] Started Deferred execution scheduler.
         Starting LXD - container startup/shutdown...
[[0;32m  OK  [0m] Started D-Bus System Message Bus.

[    7.891124] cloud-init[953]: +---[ECDSA 256]---+
[    7.894684] cloud-init[953]: |    E.   .       |
[    7.903184] cloud-init[953]: |    . .   o      |
[    7.904893] cloud-init[953]: |     . o + .     |
[    7.907898] cloud-init[953]: |      = % +      |
[    7.911548] cloud-init[953]: |     + &S& .     |
[    7.914656] cloud-init[953]: |      O &.+o     |
[    7.916999] cloud-init[953]: |     +.% ++ .    |
[    7.920961] cloud-init[953]: |    .o* *...     |
[    7.925175] cloud-init[953]: |    .*o  ..      |
[    7.936503] cloud-init[953]: +----[SHA256]-----+
[    7.938642] cloud-init[953]: Generating public/private ed25519 key pair.
[    7.943843] cloud-init[953]: Your identification has been saved in /etc/ssh/ssh_host_ed25519_key.
[    7.946319] cloud-init[953]: Your public key has been saved in /etc/ssh/ssh_host_ed25519_key.pub.
[    7.949960] cloud-init[953]: The key fingerprint is:
[    7.953162] cloud-init[953]: SHA256:DN42wlAISvvFVbrxv/6raNmdIrsHJZ63BT54ghgnus4 root@ubuntu-xenial
[    7.956193]          Starting Pollinate to seed the pseudo random number generator...
         Starting /etc/rc.local Compatibility...
         Starting Virtualbox guest utils...
         Starting Login Service...
cloud-init[953]: The key's randomart image is:
[    7.967013]          Starting LSB: Record successful boot for GRUB...
cloud-init[953]: +--[ED25519 256]--+
         Starting Accounts Service...
         Starting LSB: MD monitoring daemon...
[    7.975271] [[0;32m  OK  [0m] Started FUSE filesystem for LXC.
cloud-init         Starting Snappy daemon...
         Starting System Logging Service...
[[0;32m  OK  [0m] Started Regular background program processing daemon.
[[0;32m  OK  [0m] Started /etc/rc.local Compatibility.
[[0;32m  OK  [0m] Started iSCSI initiator daemon (iscsid).
         Starting Login to default iSCSI targets...
[953]: | ... .....       |
[    8.020795] cloud-init[953]: |... o.. .        |
[    8.025350] cloud-init[953]: |..  .o.o         |
[    8.028901] cloud-init[953]: |  . .* =+. o     |
[    8.039972] cloud-init[953]: |   .. O.S.* .    |
[    8.044409] cloud-init[953]: |   . . + B.= .   |
[    8.049051] cloud-init[953]: |    .     B.= .  |
[    8.050660] cloud-init[953]: |  ..     +.=.o   |
[    8.053458] cloud-init[953]: |  .E    .+*++o.  |
[[0;32m  OK  [0m] Started Login Service.
[    8.057767] cloud-init[953]: +----[SHA256]-----+
[[0;32m  OK  [0m] Started Unattended Upgrades Shutdown.
[[0;32m  OK  [0m] Started System Logging Service.
[[0;32m  OK  [0m] Started LSB: MD monitoring daemon.
[[0;32m  OK  [0m] Started Login to default iSCSI targets.
[[0;32m  OK  [0m] Reached target Remote File Systems (Pre).
[[0;32m  OK  [0m] Reached target Remote File Systems.
         Starting LSB: automatic crash report generation...
         Starting LSB: Set the CPU Frequency Scaling governor to "ondemand"...
         Starting Permit User Sessions...
         Starting LSB: daemon to balance interrupts for SMP systems...
[[0;32m  OK  [0m] Started LXD - container startup/shutdown.
[[0;32m  OK  [0m] Started Permit User Sessions.
         Starting Hold until boot process finishes up...
         Starting Terminate Plymouth Boot Screen...
[[0;32m  OK  [0m] Started LSB: Record successful boot for GRUB.
[[0;32m  OK  [0m] Started Hold until boot process finishes up.
[[0;32m  OK  [0m] Started Getty on tty1.
[[0;32m  OK  [0m] Started Serial Getty on ttyS0.
[[0;32m  OK  [0m] Reached target Login Prompts.
         Starting Set console scheme...
[[0;32m  OK  [0m] Started Terminate Plymouth Boot Screen.
[[0;32m  OK  [0m] Started Set console scheme.
[[0;32m  OK  [0m] Started LSB: Set the CPU Frequency Scaling governor to "ondemand".
         Starting Authenticate and Authorize Users to Run Privileged Tasks...
[[0;32m  OK  [0m] Started LSB: daemon to balance interrupts for SMP systems.
[[0;32m  OK  [0m] Started LSB: automatic crash report generation.
[[0;32m  OK  [0m] Started Authenticate and Authorize Users to Run Privileged Tasks.
[[0;32m  OK  [0m] Started Accounts Service.
[[0;32m  OK  [0m] Started Virtualbox guest utils.
[[0;32m  OK  [0m] Started Snappy daemon.
         Starting Wait until snapd is fully seeded...
[[0;32m  OK  [0m] Started Pollinate to seed the pseudo random number generator.
         Starting OpenBSD Secure Shell server...
[[0;32m  OK  [0m] Started OpenBSD Secure Shell server.
[[0;32m  OK  [0m] Started Wait until snapd is fully seeded.
         Starting Apply the settings specified in cloud-config...
[[0;32m  OK  [0m] Reached target Multi-User System.
[[0;32m  OK  [0m] Reached target Graphical Interface.
         Starting Update UTMP about System Runlevel Changes...
[[0;32m  OK  [0m] Started Update UTMP about System Runlevel Changes.
[   10.478140] cloud-init[1320]: Generating locales (this might take a while)...
[   11.225386] cloud-init[1320]:   en_US.UTF-8... done
[   11.227444] cloud-init[1320]: Generation complete.
[   11.554844] cloud-init[1320]: Cloud-init v. 19.3-41-gc4735dd3-0ubuntu1~16.04.1 running 'modules:config' at Wed, 29 Jan 2020 10:00:43 +0000. Up 10.38 seconds.
[[0;32m  OK  [0m] Started Apply the settings specified in cloud-config.
         Starting Execute cloud user/final scripts...
ci-info: no authorized ssh keys fingerprints found for user ubuntu.
<14>Jan 29 10:00:45 ec2: 
<14>Jan 29 10:00:45 ec2: #############################################################
<14>Jan 29 10:00:45 ec2: -----BEGIN SSH HOST KEY FINGERPRINTS-----
<14>Jan 29 10:00:45 ec2: 1024 SHA256:QDvt0LLq6tVDdsMOYepoThDb9L3WHMPhqYrs8D42lmk root@ubuntu-xenial (DSA)
<14>Jan 29 10:00:45 ec2: 256 SHA256:n9ZqEFm8huOcZKsUP+jmpC/HzUHi58DPcOXJIN4xsBA root@ubuntu-xenial (ECDSA)
<14>Jan 29 10:00:45 ec2: 256 SHA256:DN42wlAISvvFVbrxv/6raNmdIrsHJZ63BT54ghgnus4 root@ubuntu-xenial (ED25519)
<14>Jan 29 10:00:45 ec2: 2048 SHA256:CWiLuAuv+60rPq5rw+cbIKlii6noIlFOZkhI40eL4Vk root@ubuntu-xenial (RSA)
<14>Jan 29 10:00:45 ec2: -----END SSH HOST KEY FINGERPRINTS-----
<14>Jan 29 10:00:45 ec2: #############################################################
-----BEGIN SSH HOST KEY KEYS-----
ecdsa-sha2-nistp256 AAAAE2VjZHNhLXNoYTItbmlzdHAyNTYAAAAIbmlzdHAyNTYAAABBBD0lbKpWzYWELhpD0IBlQ0qbR+LFXvLIqDx6NIcKe18LfNqGdD2iSXymSaxRS+7UsR+MmCrz3iGs8SKtZL7Wius= root@ubuntu-xenial
ssh-ed25519 AAAAC3NzaC1lZDI1NTE5AAAAIE0cbR2ALpv1Axts3R79VYctTCYP79J5TL/T+Fxydp9L root@ubuntu-xenial
ssh-rsa AAAAB3NzaC1yc2EAAAADAQABAAABAQDGzAFooj05KGk4n0OmYPQqfnTE+67zyVPMZMH+XliqQgJOi105cUkb9zjW+T6NKAAUv+zhenIylDYz8n39Y24TfvTx2wVXl4ahFBiMtG0w+gesPVjO+0iBr3LY35Tpueyra4JaZXfdsowFDNrBYIY2JcHj7uXObkpcze5r1IrzrkozpC8RCL45sDHQRDzYaeCclI2han6cvpWyksT9ij1VL7MTke8WT4Z/Z985DNu2XRNIupPaZRqxdYZYLOHShHyW3dL1Hz4k80HjzmXJOSAgjNcoS4jgDlhwSs9Z9pudVyfIhgiNNkDk7neO8GV4dLUdk80SBl8HLUM7e0JvGWZb root@ubuntu-xenial
-----END SSH HOST KEY KEYS-----
[   12.153821] cloud-init[1362]: Cloud-init v. 19.3-41-gc4735dd3-0ubuntu1~16.04.1 running 'modules:final' at Wed, 29 Jan 2020 10:00:45 +0000. Up 11.89 seconds.
[   12.158202] cloud-init[1362]: ci-info: no authorized ssh keys fingerprints found for user ubuntu.
[   12.162070] cloud-init[1362]: Cloud-init v. 19.3-41-gc4735dd3-0ubuntu1~16.04.1 finished at Wed, 29 Jan 2020 10:00:45 +0000. Datasource DataSourceNoCloud [seed=/dev/sdb][dsmode=net].  Up 12.13 seconds
[[0;32m  OK  [0m] Started Execute cloud user/final scripts.
[[0;32m  OK  [0m] Reached target Cloud-init target.

Ubuntu 16.04.6 LTS ubuntu-xenial ttyS0

ubuntu-xenial login: 