[    0.000000] Initializing cgroup subsys cpuset
[    0.000000] Initializing cgroup subsys cpu
[    0.000000] Initializing cgroup subsys cpuacct
[    0.000000] Linux version 4.4.0-176-generic (buildd@lgw01-amd64-035) (gcc version 5.4.0 20160609 (Ubuntu 5.4.0-6ubuntu1~16.04.12) ) #206-Ubuntu SMP Fri Feb 28 05:02:04 UTC 2020 (Ubuntu 4.4.0-176.206-generic 4.4.211)
[    0.000000] Command line: BOOT_IMAGE=/boot/vmlinuz-4.4.0-176-generic root=LABEL=cloudimg-rootfs ro console=tty1 console=ttyS0
[    0.000000] KERNEL supported cpus:
[    0.000000]   Intel GenuineIntel
[    0.000000]   AMD AuthenticAMD
[    0.000000]   Centaur CentaurHauls
[    0.000000] x86/fpu: xstate_offset[2]:  576, xstate_sizes[2]:  256
[    0.000000] x86/fpu: Supporting XSAVE feature 0x01: 'x87 floating point registers'
[    0.000000] x86/fpu: Supporting XSAVE feature 0x02: 'SSE registers'
[    0.000000] x86/fpu: Supporting XSAVE feature 0x04: 'AVX registers'
[    0.000000] x86/fpu: Enabled xstate features 0x7, context size is 832 bytes, using 'standard' format.
[    0.000000] e820: BIOS-provided physical RAM map:
[    0.000000] BIOS-e820: [mem 0x0000000000000000-0x000000000009fbff] usable
[    0.000000] BIOS-e820: [mem 0x000000000009fc00-0x000000000009ffff] reserved
[    0.000000] BIOS-e820: [mem 0x00000000000f0000-0x00000000000fffff] reserved
[    0.000000] BIOS-e820: [mem 0x0000000000100000-0x000000007ffeffff] usable
[    0.000000] BIOS-e820: [mem 0x000000007fff0000-0x000000007fffffff] ACPI data
[    0.000000] BIOS-e820: [mem 0x00000000fec00000-0x00000000fec00fff] reserved
[    0.000000] BIOS-e820: [mem 0x00000000fee00000-0x00000000fee00fff] reserved
[    0.000000] BIOS-e820: [mem 0x00000000fffc0000-0x00000000ffffffff] reserved
[    0.000000] NX (Execute Disable) protection: active
[    0.000000] SMBIOS 2.5 present.
[    0.000000] Hypervisor detected: KVM
[    0.000000] e820: last_pfn = 0x7fff0 max_arch_pfn = 0x400000000
[    0.000000] MTRR: Disabled
[    0.000000] x86/PAT: MTRRs disabled, skipping PAT initialization too.
[    0.000000] CPU MTRRs all blank - virtualized system.
[    0.000000] x86/PAT: Configuration [0-7]: WB  WT  UC- UC  WB  WT  UC- UC  
[    0.000000] found SMP MP-table at [mem 0x0009fff0-0x0009ffff] mapped at [ffff88000009fff0]
[    0.000000] Scanning 1 areas for low memory corruption
[    0.000000] RAMDISK: [mem 0x362e0000-0x37167fff]
[    0.000000] ACPI: Early table checksum verification disabled
[    0.000000] ACPI: RSDP 0x00000000000E0000 000024 (v02 VBOX  )
[    0.000000] ACPI: XSDT 0x000000007FFF0030 00003C (v01 VBOX   VBOXXSDT 00000001 ASL  00000061)
[    0.000000] ACPI: FACP 0x000000007FFF00F0 0000F4 (v04 VBOX   VBOXFACP 00000001 ASL  00000061)
[    0.000000] ACPI: DSDT 0x000000007FFF0470 0022EA (v02 VBOX   VBOXBIOS 00000002 INTL 20100528)
[    0.000000] ACPI: FACS 0x000000007FFF0200 000040
[    0.000000] ACPI: FACS 0x000000007FFF0200 000040
[    0.000000] ACPI: APIC 0x000000007FFF0240 00005C (v02 VBOX   VBOXAPIC 00000001 ASL  00000061)
[    0.000000] ACPI: SSDT 0x000000007FFF02A0 0001CC (v01 VBOX   VBOXCPUT 00000002 INTL 20100528)
[    0.000000] No NUMA configuration found
[    0.000000] Faking a node at [mem 0x0000000000000000-0x000000007ffeffff]
[    0.000000] NODE_DATA(0) allocated [mem 0x7ffeb000-0x7ffeffff]
[    0.000000] kvm-clock: Using msrs 4b564d01 and 4b564d00
[    0.000000] kvm-clock: cpu 0, msr 0:7ffe3001, primary cpu clock
[    0.000000] kvm-clock: using sched offset of 4362379135 cycles
[    0.000000] clocksource: kvm-clock: mask: 0xffffffffffffffff max_cycles: 0x1cd42e4dffb, max_idle_ns: 881590591483 ns
[    0.000000] Zone ranges:
[    0.000000]   DMA      [mem 0x0000000000001000-0x0000000000ffffff]
[    0.000000]   DMA32    [mem 0x0000000001000000-0x000000007ffeffff]
[    0.000000]   Normal   empty
[    0.000000]   Device   empty
[    0.000000] Movable zone start for each node
[    0.000000] Early memory node ranges
[    0.000000]   node   0: [mem 0x0000000000001000-0x000000000009efff]
[    0.000000]   node   0: [mem 0x0000000000100000-0x000000007ffeffff]
[    0.000000] Initmem setup node 0 [mem 0x0000000000001000-0x000000007ffeffff]
[    0.000000] ACPI: PM-Timer IO Port: 0x4008
[    0.000000] IOAPIC[0]: apic_id 2, version 32, address 0xfec00000, GSI 0-23
[    0.000000] ACPI: INT_SRC_OVR (bus 0 bus_irq 0 global_irq 2 dfl dfl)
[    0.000000] ACPI: INT_SRC_OVR (bus 0 bus_irq 9 global_irq 9 low level)
[    0.000000] Using ACPI (MADT) for SMP configuration information
[    0.000000] smpboot: Allowing 2 CPUs, 0 hotplug CPUs
[    0.000000] PM: Registered nosave memory: [mem 0x00000000-0x00000fff]
[    0.000000] PM: Registered nosave memory: [mem 0x0009f000-0x0009ffff]
[    0.000000] PM: Registered nosave memory: [mem 0x000a0000-0x000effff]
[    0.000000] PM: Registered nosave memory: [mem 0x000f0000-0x000fffff]
[    0.000000] e820: [mem 0x80000000-0xfebfffff] available for PCI devices
[    0.000000] Booting paravirtualized kernel on KVM
[    0.000000] clocksource: refined-jiffies: mask: 0xffffffff max_cycles: 0xffffffff, max_idle_ns: 7645519600211568 ns
[    0.000000] setup_percpu: NR_CPUS:512 nr_cpumask_bits:512 nr_cpu_ids:2 nr_node_ids:1
[    0.000000] PERCPU: Embedded 33 pages/cpu @ffff88007fc00000 s95448 r8192 d31528 u1048576
[    0.000000] Built 1 zonelists in Node order, mobility grouping on.  Total pages: 515960
[    0.000000] Policy zone: DMA32
[    0.000000] Kernel command line: BOOT_IMAGE=/boot/vmlinuz-4.4.0-176-generic root=LABEL=cloudimg-rootfs ro console=tty1 console=ttyS0
[    0.000000] PID hash table entries: 4096 (order: 3, 32768 bytes)
[    0.000000] Memory: 2029864K/2096696K available (8626K kernel code, 1336K rwdata, 4032K rodata, 1488K init, 1292K bss, 66832K reserved, 0K cma-reserved)
[    0.000000] SLUB: HWalign=64, Order=0-3, MinObjects=0, CPUs=2, Nodes=1
[    0.000000] Kernel/User page tables isolation: enabled
[    0.000000] Hierarchical RCU implementation.
[    0.000000] 	Build-time adjustment of leaf fanout to 64.
[    0.000000] 	RCU restricting CPUs from NR_CPUS=512 to nr_cpu_ids=2.
[    0.000000] RCU: Adjusting geometry for rcu_fanout_leaf=64, nr_cpu_ids=2
[    0.000000] NR_IRQS:33024 nr_irqs:440 16
[    0.000000] Console: colour VGA+ 80x25
[    0.000000] console [tty1] enabled
[    0.000000] console [ttyS0] enabled
[    0.000000] tsc: Detected 2899.998 MHz processor
[    0.325954] Calibrating delay loop (skipped) preset value.. 5799.99 BogoMIPS (lpj=11599992)
[    0.329478] pid_max: default: 32768 minimum: 301
[    0.330694] ACPI: Core revision 20150930
[    0.332723] ACPI: 2 ACPI AML tables successfully acquired and loaded
[    0.337370] Security Framework initialized
[    0.338443] Yama: becoming mindful.
[    0.339432] AppArmor: AppArmor initialized
[    0.342291] Dentry cache hash table entries: 262144 (order: 9, 2097152 bytes)
[    0.344656] Inode-cache hash table entries: 131072 (order: 8, 1048576 bytes)
[    0.348360] Mount-cache hash table entries: 4096 (order: 3, 32768 bytes)
[    0.350196] Mountpoint-cache hash table entries: 4096 (order: 3, 32768 bytes)
[    0.353906] Initializing cgroup subsys io
[    0.355036] Initializing cgroup subsys memory
[    0.356310] Initializing cgroup subsys devices
[    0.357405] Initializing cgroup subsys freezer
[    0.358927] Initializing cgroup subsys net_cls
[    0.359979] Initializing cgroup subsys perf_event
[    0.361127] Initializing cgroup subsys net_prio
[    0.362633] Initializing cgroup subsys hugetlb
[    0.363682] Initializing cgroup subsys pids
[    0.365669] mce: CPU supports 0 MCE banks
[    0.368244] Last level iTLB entries: 4KB 64, 2MB 8, 4MB 8
[    0.369607] Last level dTLB entries: 4KB 64, 2MB 0, 4MB 0, 1GB 4
[    0.371261] Spectre V1 : Mitigation: usercopy/swapgs barriers and __user pointer sanitization
[    0.373993] Spectre V2 : Mitigation: Full generic retpoline
[    0.375824] Spectre V2 : Spectre v2 / SpectreRSB mitigation: Filling RSB on context switch
[    0.377976] Speculative Store Bypass: Vulnerable
[    0.380103] MDS: Mitigation: Clear CPU buffers
[    0.389634] Freeing SMP alternatives memory: 36K
[    0.418878] ftrace: allocating 32305 entries in 127 pages
[    0.573659] smpboot: APIC(0) Converting physical 0 to logical package 0
[    0.576554] smpboot: Max logical packages: 1
[    0.579801] x2apic enabled
[    0.583112] Switched APIC routing to physical x2apic.
[    0.588378] ..TIMER: vector=0x30 apic1=0 pin1=2 apic2=-1 pin2=-1
[    0.701425] smpboot: CPU0: Intel(R) Core(TM) i5-5287U CPU @ 2.90GHz (family: 0x6, model: 0x3d, stepping: 0x4)
[    0.705475] Performance Events: unsupported p6 CPU model 61 no PMU driver, software events only.
[    0.718260] KVM setup paravirtual spinlock
[    0.722485] x86: Booting SMP configuration:
[    0.723677] .... node  #0, CPUs:      #1
[    0.724883] kvm-clock: cpu 1, msr 0:7ffe3041, secondary cpu clock
[    0.726959] mce: CPU supports 0 MCE banks
[    0.729986] x86: Booted up 1 node, 2 CPUs
[    0.731812] smpboot: Total of 2 processors activated (11599.99 BogoMIPS)
[    0.735139] devtmpfs: initialized
[    0.738419] evm: security.selinux
[    0.739654] evm: security.SMACK64
[    0.740546] evm: security.SMACK64EXEC
[    0.741493] evm: security.SMACK64TRANSMUTE
[    0.742789] evm: security.SMACK64MMAP
[    0.744285] evm: security.ima
[    0.745390] evm: security.capability
[    0.747270] clocksource: jiffies: mask: 0xffffffff max_cycles: 0xffffffff, max_idle_ns: 7645041785100000 ns
[    0.749839] futex hash table entries: 512 (order: 3, 32768 bytes)
[    0.751829] pinctrl core: initialized pinctrl subsystem
[    0.753291] RTC time: 19:19:06, date: 03/23/20
[    0.754952] NET: Registered protocol family 16
[    0.765675] cpuidle: using governor ladder
[    0.777977] cpuidle: using governor menu
[    0.780127] PCCT header not found.
[    0.781338] ACPI: bus type PCI registered
[    0.784272] acpiphp: ACPI Hot Plug PCI Controller Driver version: 0.5
[    0.788008] PCI: Using configuration type 1 for base access
[    0.802954] ACPI: Added _OSI(Module Device)
[    0.804275] ACPI: Added _OSI(Processor Device)
[    0.806040] ACPI: Added _OSI(3.0 _SCP Extensions)
[    0.807376] ACPI: Added _OSI(Processor Aggregator Device)
[    0.809430] ACPI: Executed 1 blocks of module-level executable AML code
[    0.813696] ACPI: Interpreter enabled
[    0.814760] ACPI: (supports S0 S5)
[    0.815675] ACPI: Using IOAPIC for interrupt routing
[    0.816993] PCI: Using host bridge windows from ACPI; if necessary, use "pci=nocrs" and report a bug
[    0.824610] ACPI: PCI Root Bridge [PCI0] (domain 0000 [bus 00-ff])
[    0.826367] acpi PNP0A03:00: _OSC: OS supports [ASPM ClockPM Segments MSI]
[    0.829458] acpi PNP0A03:00: _OSC: not requesting OS control; OS requires [ExtendedConfig ASPM ClockPM MSI]
[    0.832794] acpi PNP0A03:00: fail to add MMCONFIG information, can't access extended PCI configuration space under this bridge.
[    0.836637] PCI host bridge to bus 0000:00
[    0.838356] pci_bus 0000:00: root bus resource [io  0x0000-0x0cf7 window]
[    0.839926] pci_bus 0000:00: root bus resource [io  0x0d00-0xffff window]
[    0.842017] pci_bus 0000:00: root bus resource [mem 0x000a0000-0x000bffff window]
[    0.844499] pci_bus 0000:00: root bus resource [mem 0x80000000-0xfdffffff window]
[    0.846883] pci_bus 0000:00: root bus resource [bus 00-ff]
[    0.851375] pci 0000:00:01.1: legacy IDE quirk: reg 0x10: [io  0x01f0-0x01f7]
[    0.853949] pci 0000:00:01.1: legacy IDE quirk: reg 0x14: [io  0x03f6]
[    0.856328] pci 0000:00:01.1: legacy IDE quirk: reg 0x18: [io  0x0170-0x0177]
[    0.858304] pci 0000:00:01.1: legacy IDE quirk: reg 0x1c: [io  0x0376]
[    0.907770] pci 0000:00:07.0: quirk: [io  0x4000-0x403f] claimed by PIIX4 ACPI
[    0.911674] pci 0000:00:07.0: quirk: [io  0x4100-0x410f] claimed by PIIX4 SMB
[    0.925426] ACPI: PCI Interrupt Link [LNKA] (IRQs 5 9 10 *11)
[    0.927514] ACPI: PCI Interrupt Link [LNKB] (IRQs 5 9 *10 11)
[    0.929842] ACPI: PCI Interrupt Link [LNKC] (IRQs 5 *9 10 11)
[    0.932340] ACPI: PCI Interrupt Link [LNKD] (IRQs 5 9 10 *11)
[    0.935252] ACPI: Enabled 2 GPEs in block 00 to 07
[    0.937199] vgaarb: setting as boot device: PCI:0000:00:02.0
[    0.938634] vgaarb: device added: PCI:0000:00:02.0,decodes=io+mem,owns=io+mem,locks=none
[    0.940905] vgaarb: loaded
[    0.941631] vgaarb: bridge control possible 0000:00:02.0
[    0.943348] SCSI subsystem initialized
[    0.944395] ACPI: bus type USB registered
[    0.945411] usbcore: registered new interface driver usbfs
[    0.947127] usbcore: registered new interface driver hub
[    0.948488] usbcore: registered new device driver usb
[    0.950126] PCI: Using ACPI for IRQ routing
[    0.952789] NetLabel: Initializing
[    0.954608] NetLabel:  domain hash size = 128
[    0.955801] NetLabel:  protocols = UNLABELED CIPSOv4
[    0.957016] NetLabel:  unlabeled traffic allowed by default
[    0.958865] amd_nb: Cannot enumerate AMD northbridges
[    0.960433] clocksource: Switched to clocksource kvm-clock
[    0.973154] AppArmor: AppArmor Filesystem Enabled
[    0.975910] pnp: PnP ACPI init
[    0.978778] pnp: PnP ACPI: found 3 devices
[    0.992482] clocksource: acpi_pm: mask: 0xffffff max_cycles: 0xffffff, max_idle_ns: 2085701024 ns
[    0.994808] NET: Registered protocol family 2
[    0.996270] TCP established hash table entries: 16384 (order: 5, 131072 bytes)
[    0.998196] TCP bind hash table entries: 16384 (order: 6, 262144 bytes)
[    1.000173] TCP: Hash tables configured (established 16384 bind 16384)
[    1.002489] UDP hash table entries: 1024 (order: 3, 32768 bytes)
[    1.004396] UDP-Lite hash table entries: 1024 (order: 3, 32768 bytes)
[    1.006063] NET: Registered protocol family 1
[    1.007116] pci 0000:00:00.0: Limiting direct PCI/PCI transfers
[    1.008962] pci 0000:00:01.0: Activating ISA DMA hang workarounds
[    1.010565] Unpacking initramfs...
[    1.257209] Freeing initrd memory: 14880K
[    1.258743] RAPL PMU detected, API unit is 2^-32 Joules, 4 fixed counters 10737418240 ms ovfl timer
[    1.261218] hw unit of domain pp0-core 2^-0 Joules
[    1.262855] hw unit of domain package 2^-0 Joules
[    1.264345] hw unit of domain dram 2^-0 Joules
[    1.266033] hw unit of domain pp1-gpu 2^-0 Joules
[    1.267307] clocksource: tsc: mask: 0xffffffffffffffff max_cycles: 0x29cd4133323, max_idle_ns: 440795296220 ns
[    1.269972] platform rtc_cmos: registered platform RTC device (no PNP device found)
[    1.272121] Scanning for low memory corruption every 60 seconds
[    1.273904] audit: initializing netlink subsys (disabled)
[    1.275224] audit: type=2000 audit(1584991152.255:1): initialized
[    1.277284] Initialise system trusted keyring
[    1.278944] HugeTLB registered 2 MB page size, pre-allocated 0 pages
[    1.282755] zbud: loaded
[    1.284335] VFS: Disk quotas dquot_6.6.0
[    1.285558] VFS: Dquot-cache hash table entries: 512 (order 0, 4096 bytes)
[    1.287537] squashfs: version 4.0 (2009/01/31) Phillip Lougher
[    1.289254] fuse init (API version 7.23)
[    1.290372] Key type big_key registered
[    1.291343] Allocating IMA MOK and blacklist keyrings.
[    1.294512] Key type asymmetric registered
[    1.295742] Asymmetric key parser 'x509' registered
[    1.297081] Block layer SCSI generic (bsg) driver version 0.4 loaded (major 249)
[    1.299027] io scheduler noop registered
[    1.300000] io scheduler deadline registered (default)
[    1.301289] io scheduler cfq registered
[    1.302939] pci_hotplug: PCI Hot Plug PCI Core version: 0.5
[    1.305035] pciehp: PCI Express Hot Plug Controller Driver version: 0.4
[    1.307604] ACPI: AC Adapter [AC] (on-line)
[    1.309058] input: Power Button as /devices/LNXSYSTM:00/LNXPWRBN:00/input/input0
[    1.312030] ACPI: Power Button [PWRF]
[    1.313405] input: Sleep Button as /devices/LNXSYSTM:00/LNXSLPBN:00/input/input1
[    1.315691] ACPI: Sleep Button [SLPF]
[    1.318432] ACPI: Battery Slot [BAT0] (battery present)
[    1.320053] GHES: HEST is not enabled!
[    1.321492] Serial: 8250/16550 driver, 32 ports, IRQ sharing enabled
[    1.343830] 00:02: ttyS0 at I/O 0x3f8 (irq = 4, base_baud = 115200) is a 16550A
[    1.347109] Linux agpgart interface v0.103
[    1.351488] loop: module loaded
[    1.353075] scsi host0: ata_piix
[    1.354154] scsi host1: ata_piix
[    1.355077] ata1: PATA max UDMA/33 cmd 0x1f0 ctl 0x3f6 bmdma 0xd000 irq 14
[    1.356612] ata2: PATA max UDMA/33 cmd 0x170 ctl 0x376 bmdma 0xd008 irq 15
[    1.359082] libphy: Fixed MDIO Bus: probed
[    1.360115] tun: Universal TUN/TAP device driver, 1.6
[    1.361509] tun: (C) 1999-2004 Max Krasnyansky <maxk@qualcomm.com>
[    1.363013] PPP generic driver version 2.4.2
[    1.364126] ehci_hcd: USB 2.0 'Enhanced' Host Controller (EHCI) Driver
[    1.365965] ehci-pci: EHCI PCI platform driver
[    1.367309] ehci-platform: EHCI generic platform driver
[    1.368521] ohci_hcd: USB 1.1 'Open' Host Controller (OHCI) Driver
[    1.370275] ohci-pci: OHCI PCI platform driver
[    1.371433] ohci-platform: OHCI generic platform driver
[    1.372703] uhci_hcd: USB Universal Host Controller Interface driver
[    1.375817] i8042: PNP: PS/2 Controller [PNP0303:PS2K,PNP0f03:PS2M] at 0x60,0x64 irq 1,12
[    1.378934] serio: i8042 KBD port at 0x60,0x64 irq 1
[    1.380225] serio: i8042 AUX port at 0x60,0x64 irq 12
[    1.381884] mousedev: PS/2 mouse device common for all mice
[    1.383791] rtc_cmos rtc_cmos: rtc core: registered rtc_cmos as rtc0
[    1.385394] rtc_cmos rtc_cmos: alarms up to one day, 114 bytes nvram
[    1.386902] i2c /dev entries driver
[    1.388160] input: AT Translated Set 2 keyboard as /devices/platform/i8042/serio0/input/input2
[    1.391117] device-mapper: uevent: version 1.0.3
[    1.393041] device-mapper: ioctl: 4.34.0-ioctl (2015-10-28) initialised: dm-devel@redhat.com
[    1.395238] ledtrig-cpu: registered to indicate activity on CPUs
[    1.397576] NET: Registered protocol family 10
[    1.398958] NET: Registered protocol family 17
[    1.400094] Key type dns_resolver registered
[    1.401541] registered taskstats version 1
[    1.402996] Loading compiled-in X.509 certificates
[    1.405980] Loaded X.509 cert 'Build time autogenerated kernel key: c2b7431ed9258328a3a0cf301f850647788d8e61'
[    1.409023] zswap: loaded using pool lzo/zbud
[    1.413598] Key type trusted registered
[    1.423713] Key type encrypted registered
[    1.424915] AppArmor: AppArmor sha1 policy hashing enabled
[    1.426242] ima: No TPM chip found, activating TPM-bypass!
[    1.427548] ima: Allocated hash algorithm: sha1
[    1.428652] evm: HMAC attrs: 0x1
[    1.431926]   Magic number: 12:995:344
[    1.434777] tty tty61: hash matches
[    1.442148] rtc_cmos rtc_cmos: setting system clock to 2020-03-23 19:19:06 UTC (1584991146)
[    1.457347] BIOS EDD facility v0.16 2004-Jun-25, 0 devices found
[    1.458894] EDD information not available.
[    1.514868] Freeing unused kernel memory: 1488K
[    1.516011] Write protecting the kernel read-only data: 14336k
[    1.517992] Freeing unused kernel memory: 1604K
[    1.519390] Freeing unused kernel memory: 64K
Loading, please wait...
starting version 229
[    1.535903] random: systemd-udevd: uninitialized urandom read (16 bytes read, 3 bits of entropy available)
[    1.536819] random: udevadm: uninitialized urandom read (16 bytes read, 3 bits of entropy available)
[    1.536843] random: udevadm: uninitialized urandom read (16 bytes read, 3 bits of entropy available)
[    1.545025] random: systemd-udevd: uninitialized urandom read (16 bytes read, 3 bits of entropy available)
[    1.548377] random: systemd-udevd: uninitialized urandom read (16 bytes read, 3 bits of entropy available)
[    1.549557] random: udevadm: uninitialized urandom read (16 bytes read, 3 bits of entropy available)
[    1.549660] random: udevadm: uninitialized urandom read (16 bytes read, 3 bits of entropy available)
[    1.549875] random: udevadm: uninitialized urandom read (16 bytes read, 3 bits of entropy available)
[    1.549979] random: udevadm: uninitialized urandom read (16 bytes read, 3 bits of entropy available)
[    1.550059] random: udevadm: uninitialized urandom read (16 bytes read, 3 bits of entropy available)
[    1.597012] Fusion MPT base driver 3.04.20
[    1.598105] Copyright (c) 1999-2008 LSI Corporation
[    1.599490] e1000: Intel(R) PRO/1000 Network Driver - version 7.3.21-k8-NAPI
[    1.602210] e1000: Copyright (c) 1999-2006 Intel Corporation.
[    1.628295] Fusion MPT SPI Host driver 3.04.20
[    1.635026] AVX2 version of gcm_enc/dec engaged.
[    1.639221] AES CTR mode by8 optimization enabled
[    1.854301] input: ImExPS/2 Generic Explorer Mouse as /devices/platform/i8042/serio1/input/input4
[    2.128759] e1000 0000:00:03.0 eth0: (PCI:33MHz:32-bit) 02:90:e9:96:cf:60
[    2.131168] e1000 0000:00:03.0 eth0: Intel(R) PRO/1000 Network Connection
[    2.134026] mptbase: ioc0: Initiating bringup
[    2.137279] e1000 0000:00:03.0 enp0s3: renamed from eth0
[    2.197237] ioc0: LSI53C1030 A0: Capabilities={Initiator}
[    2.365107] scsi host2: ioc0: LSI53C1030 A0, FwRev=00000000h, Ports=1, MaxQ=256, IRQ=20
[    2.481691] scsi 2:0:0:0: Direct-Access     VBOX     HARDDISK         1.0  PQ: 0 ANSI: 5
[    2.485784] scsi target2:0:0: Beginning Domain Validation
[    2.494237] scsi target2:0:0: Domain Validation skipping write tests
[    2.517267] scsi target2:0:0: Ending Domain Validation
[    2.521109] scsi target2:0:0: asynchronous
[    2.525548] scsi 2:0:1:0: Direct-Access     VBOX     HARDDISK         1.0  PQ: 0 ANSI: 5
[    2.531733] scsi target2:0:1: Beginning Domain Validation
[    2.543838] scsi target2:0:1: Domain Validation skipping write tests
[    2.546349] scsi target2:0:1: Ending Domain Validation
[    2.547729] scsi target2:0:1: asynchronous
[    2.561120] sd 2:0:0:0: Attached scsi generic sg0 type 0
[    2.561522] sd 2:0:0:0: [sda] 20971520 512-byte logical blocks: (10.7 GB/10.0 GiB)
[    2.561719] sd 2:0:0:0: [sda] Write Protect is off
[    2.561875] sd 2:0:0:0: [sda] Incomplete mode parameter data
[    2.561877] sd 2:0:0:0: [sda] Assuming drive cache: write through
[    2.568451]  sda: sda1
[    2.569455] sd 2:0:0:0: [sda] Attached SCSI disk
[    2.577671] sd 2:0:1:0: Attached scsi generic sg1 type 0
[    2.577866] sd 2:0:1:0: [sdb] 20480 512-byte logical blocks: (10.5 MB/10.0 MiB)
[    2.578120] sd 2:0:1:0: [sdb] Write Protect is off
[    2.578275] sd 2:0:1:0: [sdb] Incomplete mode parameter data
[    2.578277] sd 2:0:1:0: [sdb] Assuming drive cache: write through
[    2.582343] sd 2:0:1:0: [sdb] Attached SCSI disk
Begin: Loading essential drivers ... [    3.973803] md: linear personality registered for level -1
[    3.980520] md: multipath personality registered for level -4
[    3.989582] md: raid0 personality registered for level 0
[    3.996418] md: raid1 personality registered for level 1
[    4.069907] raid6: sse2x1   gen()  6992 MB/s
[    4.141277] raid6: sse2x1   xor()  2510 MB/s
[    4.220505] raid6: sse2x2   gen()  2395 MB/s
[    4.309003] raid6: sse2x2   xor()  2079 MB/s
[    4.381615] raid6: sse2x4   gen()  3926 MB/s
[    4.452897] raid6: sse2x4   xor()  1633 MB/s
[    4.524544] raid6: avx2x1   gen()  3397 MB/s
[    4.604611] raid6: avx2x2   gen()  6168 MB/s
[    4.680774] raid6: avx2x4   gen()  4254 MB/s
[    4.683444] raid6: using algorithm sse2x1 gen() 6992 MB/s
[    4.686997] raid6: .... xor() 2510 MB/s, rmw enabled
[    4.691908] raid6: using avx2x2 recovery algorithm
[    4.699403] xor: automatically using best checksumming function:
[    4.740485]    avx       : 27246.000 MB/sec
[    4.743432] async_tx: api initialized (async)
[    4.758639] md: raid6 personality registered for level 6
[    4.762275] md: raid5 personality registered for level 5
[    4.764622] md: raid4 personality registered for level 4
[    4.774713] md: raid10 personality registered for level 10
done.
Begin: Running /scripts/init-premount ... done.
Begin: Mounting root file system ... Begin: Running /scripts/local-top ... done.
Begin: Running /scripts/local-premount ... [    4.817482] Btrfs loaded
Scanning for Btrfs filesystems
done.
Warning: fsck not present, so skipping root file system
[    4.866667] EXT4-fs (sda1): mounted filesystem with ordered data mode. Opts: (null)
done.
Begin: Running /scripts/local-bottom ... done.
Begin: Running /scripts/init-bottom ... done.
[    5.020568] systemd[1]: systemd 229 running in system mode. (+PAM +AUDIT +SELINUX +IMA +APPARMOR +SMACK +SYSVINIT +UTMP +LIBCRYPTSETUP +GCRYPT +GNUTLS +ACL +XZ -LZ4 +SECCOMP +BLKID +ELFUTILS +KMOD -IDN)
[    5.028706] systemd[1]: Detected virtualization oracle.
[    5.030061] systemd[1]: Detected architecture x86-64.

Welcome to [1mUbuntu 16.04.6 LTS[0m!

[    5.041583] systemd[1]: Set hostname to <ubuntu>.
[    5.046649] systemd[1]: Initializing machine ID from random generator.
[    5.048609] systemd[1]: Installed transient /etc/machine-id file.
[    5.263091] systemd[1]: Listening on udev Control Socket.
[[0;32m  OK  [0m] Listening on udev Control Socket.
[    5.345990] systemd[1]: Started Trigger resolvconf update for networkd DNS.
[[0;32m  OK  [0m] Started Trigger resolvconf update for networkd DNS.
[    5.361909] systemd[1]: Listening on Journal Socket (/dev/log).
[[0;32m  OK  [0m] Listening on Journal Socket (/dev/log).
[    5.378892] systemd[1]: Reached target System Time Synchronized.
[[0;32m  OK  [0m] Reached target System Time Synchronized.
[    5.390988] systemd[1]: Listening on Device-mapper event daemon FIFOs.
[[0;32m  OK  [0m] Listening on Device-mapper event daemon FIFOs.
[    5.397475] systemd[1]: Listening on /dev/initctl Compatibility Named Pipe.
[[0;32m  OK  [0m] Listening on /dev/initctl Compatibility Named Pipe.
[    5.607903] systemd[1]: Reached target Encrypted Volumes.
[[0;32m  OK  [0m] Reached target Encrypted Volumes.
[    5.710865] systemd[1]: Created slice System Slice.
[[0;32m  OK  [0m] Created slice System Slice.
[    5.721616] systemd[1]: Started Forward Password Requests to Wall Directory Watch.
[[0;32m  OK  [0m] Started Forward Password Requests to Wall Directory Watch.
[    5.729972] systemd[1]: Created slice User and Session Slice.
[[0;32m  OK  [0m] Created slice User and Session Slice.
[    5.744991] systemd[1]: Reached target Slices.
[[0;32m  OK  [0m] Reached target Slices.
[    5.753116] systemd[1]: Listening on udev Kernel Socket.
[[0;32m  OK  [0m] Listening on udev Kernel Socket.
[    5.758285] systemd[1]: Reached target Swap.
[[0;32m  OK  [0m] Reached target Swap.
[    5.765559] systemd[1]: Listening on Journal Audit Socket.
[[0;32m  OK  [0m] Listening on Journal Audit Socket.
[    5.774352] systemd[1]: Listening on LVM2 metadata daemon socket.
[[0;32m  OK  [0m] Listening on LVM2 metadata daemon socket.
[    5.786894] systemd[1]: Listening on Journal Socket.
[[0;32m  OK  [0m] Listening on Journal Socket.
[    5.805204] systemd[1]: Starting Remount Root and Kernel File Systems...
         Starting Remount Root and Kernel File Systems...
[    5.825150] EXT4-fs (sda1): re-mounted. Opts: (null)
[    5.825839] systemd[1]: Mounting POSIX Message Queue File System...
         Mounting POSIX Message Queue File System...
[    5.836239] systemd[1]: Starting Load Kernel Modules...
         Starting Load Kernel Modules...
[    5.853484] systemd[1]: Mounting Huge Pages File System...
         Mounting Huge Pages File System...
[    5.859681] Loading iSCSI transport class v2.0-870.
[    5.873940] systemd[1]: Mounting Debug File System...
         Mounting Debug File System...
[    5.885083] systemd[1]: Starting Uncomplicated firewall...
         Starting Uncomplicated firewall...
[    5.896280] systemd[1]: Starting Create list of required static device nodes for the current kernel...
[    5.921502] iscsi: registered transport (tcp)
         Starting Create list of required st... nodes for the current kernel...
[    5.940912] systemd[1]: Starting Set console keymap...
         Starting Set console keymap...
[    5.965603] systemd[1]: Starting Nameserver information manager...
         Starting Nameserver information manager...
[    6.009478] systemd[1]: Created slice system-serial\x2dgetty.slice.
[[0;32m  OK  [0m] Created slice system-serial\x2dgetty.slice.
[    6.030300] systemd[1]: Listening on Syslog Socket.
[[0;32m  OK  [0m] Listening on Syslog Socket.
[    6.142429] systemd[1]: Starting Journal Service...
         Starting Journal Service...
[    6.160956] systemd[1]: Starting Monitoring of LVM2 mirrors, snapshots etc. using dmeventd or progress polling...
[    6.176132] random: nonblocking pool is initialized
         Starting Monitoring of LVM2 mirrors... dmeventd or progress polling...
[    6.206986] systemd[1]: Reached target User and Group Name Lookups.
[[0;32m  OK  [0m] Reached target User and Group Name Lookups.
[    6.216607] systemd[1]: Set up automount Arbitrary Executable File Formats File System Automount Point.
[[0;32m  OK  [0m] Set up automount Arbitrary Executab...ats File System Automount Point.
[    6.245031] systemd[1]: Listening on LVM2 poll daemon socket.
[[0;32m  OK  [0m] Listening on LVM2 poll daemon socket.
[    6.266881] iscsi: registered transport (iser)
[    6.282591] systemd[1]: Mounted POSIX Message Queue File System.
[[0;32m  OK  [0m] Mounted POSIX Message Queue File System.
[    6.295000] systemd[1]: Mounted Huge Pages File System.
[[0;32m  OK  [0m] Mounted Huge Pages File System.
[    6.300423] systemd[1]: Mounted Debug File System.
[[0;32m  OK  [0m] Mounted Debug File System.
[    6.305383] systemd[1]: Started Journal Service.
[[0;32m  OK  [0m] Started Journal Service.
[[0;32m  OK  [0m] Started Remount Root and Kernel File Systems.
[[0;32m  OK  [0m] Started Load Kernel Modules.
[[0;32m  OK  [0m] Started Uncomplicated firewall.
[[0;32m  OK  [0m] Started Create list of required sta...ce nodes for the current kernel.
[[0;32m  OK  [0m] Started Set console keymap.
[[0;32m  OK  [0m] Started LVM2 metadata daemon.
         Starting Create Static Device Nodes in /dev...
         Mounting FUSE Control File System...
         Starting Apply Kernel Variables...
         Starting Load/Save Random Seed...
         Starting udev Coldplug all Devices...
         Starting Flush Journal to Persistent Storage...
[[0;32m  OK  [0m] Mounted FUSE Control File System.
[[0;32m  OK  [0m] Started Nameserver information manager.
[[0;32m  OK  [0m] Started Apply Kernel Variables.
[[0;32m  OK  [0m] Started Load/Save Random Seed.
[[0;32m  OK  [0m] Started Create Static Device Nodes in /dev.
         Starting udev Kernel Device Manager...
[[0;32m  OK  [0m] Started Flush Journal to Persistent Storage.
[[0;32m  OK  [0m] Started Monitoring of LVM2 mirrors,...ng dmeventd or progress polling.
[[0;32m  OK  [0m] Reached target Local File Systems (Pre).
[[0;32m  OK  [0m] Reached target Local File Systems.
         Starting Commit a transient machine-id on disk...
         Starting Set console font and keymap...
         Starting LSB: AppArmor initialization...
         Starting Create Volatile Files and Directories...
         Starting Tell Plymouth To Write Out Runtime Data...
         Starting Initial cloud-init job (pre-networking)...
[[0;32m  OK  [0m] Started udev Kernel Device Manager.
[[0;32m  OK  [0m] Started udev Coldplug all Devices.
[[0;32m  OK  [0m] Started Commit a transient machine-id on disk.
[[0;32m  OK  [0m] Started Create Volatile Files and Directories.
[[0;32m  OK  [0m] Started Tell Plymouth To Write Out Runtime Data.
         Starting Update UTMP about System Boot/Shutdown...
[[0;32m  OK  [0m] Started Dispatch Password Requests to Console Directory Watch.
[[0;32m  OK  [0m] Started Update UTMP about System Boot/Shutdown.
[[0;32m  OK  [0m] Found device /dev/ttyS0.
[[0;32m  OK  [0m] Listening on Load/Save RF Kill Switch Status /dev/rfkill Watch.
[[0;32m  OK  [0m] Started LSB: AppArmor initialization.
[[0;32m  OK  [0m] Started Set console font and keymap.
[[0;32m  OK  [0m] Created slice system-getty.slice.
[    8.982758] cloud-init[482]: Cloud-init v. 19.4-33-gbb4131a2-0ubuntu1~16.04.1 running 'init-local' at Mon, 23 Mar 2020 19:19:13 +0000. Up 7.97 seconds.
[[0;32m  OK  [0m] Started Initial cloud-init job (pre-networking).
[[0;32m  OK  [0m] Reached target Network (Pre).
         Starting Raise network interfaces...
[[0;32m  OK  [0m] Started Raise network interfaces.
[[0;32m  OK  [0m] Reached target Network.
         Starting Initial cloud-init job (metadata service crawler)...
[   10.849854] cloud-init[945]: Cloud-init v. 19.4-33-gbb4131a2-0ubuntu1~16.04.1 running 'init' at Mon, 23 Mar 2020 19:19:15 +0000. Up 9.92 seconds.
[   10.860517] cloud-init[945]: ci-info: ++++++++++++++++++++++++++++++++++++++Net device info++++++++++++++++++++++++++++++++++++++
[   10.863945] cloud-init[945]: ci-info: +--------+------+----------------------------+---------------+--------+-------------------+
[   10.867455] cloud-init[945]: ci-info: | Device |  Up  |          Address           |      Mask     | Scope  |     Hw-Address    |
[   10.870936] cloud-init[945]: ci-info: +--------+------+----------------------------+---------------+--------+-------------------+
[   10.875240] cloud-init[945]: ci-info: | enp0s3 | True |         10.0.2.15          | 255.255.255.0 | global | 02:90:e9:96:cf:60 |
[   10.878261] cloud-init[945]: ci-info: | enp0s3 | True | fe80::90:e9ff:fe96:cf60/64 |       .       |  link  | 02:90:e9:96:cf:60 |
[   10.881669] cloud-init[945]: ci-info: |   lo   | True |         127.0.0.1          |   255.0.0.0   |  host  |         .         |
[   10.885877] cloud-init[945]: ci-info: |   lo   | True |          ::1/128           |       .       |  host  |         .         |
[   10.888654] cloud-init[945]: ci-info: +--------+------+----------------------------+---------------+--------+-------------------+
[   10.896614] cloud-init[945]: ci-info: +++++++++++++++++++++++++++Route IPv4 info++++++++++++++++++++++++++++
[   10.899989] cloud-init[945]: ci-info: +-------+-------------+----------+---------------+-----------+-------+
[   10.903069] cloud-init[945]: ci-info: | Route | Destination | Gateway  |    Genmask    | Interface | Flags |
[   10.905999] cloud-init[945]: ci-info: +-------+-------------+----------+---------------+-----------+-------+
[   10.908334] cloud-init[945]: ci-info: |   0   |   0.0.0.0   | 10.0.2.2 |    0.0.0.0    |   enp0s3  |   UG  |
[   10.911703] cloud-init[945]: ci-info: |   1   |   10.0.2.0  | 0.0.0.0  | 255.255.255.0 |   enp0s3  |   U   |
[   10.913793] cloud-init[945]: ci-info: +-------+-------------+----------+---------------+-----------+-------+
[   10.916201] cloud-init[945]: ci-info: +++++++++++++++++++Route IPv6 info+++++++++++++++++++
[   10.918929] cloud-init[945]: ci-info: +-------+-------------+---------+-----------+-------+
[   10.921759] cloud-init[945]: ci-info: | Route | Destination | Gateway | Interface | Flags |
[   10.924409] cloud-init[945]: ci-info: +-------+-------------+---------+-----------+-------+
[   10.926954] cloud-init[945]: ci-info: |   0   |  fe80::/64  |    ::   |   enp0s3  |   U   |
[   10.929425] cloud-init[945]: ci-info: |   3   |   ff00::/8  |    ::   |   enp0s3  |   U   |
[   10.932931] cloud-init[945]: ci-info: +-------+-------------+---------+-----------+-------+
[   10.935136] cloud-init[945]: Generating public/private rsa key pair.
[   10.937128] cloud-init[945]: Your identification has been saved in /etc/ssh/ssh_host_rsa_key.
[   10.940461] cloud-init[945]: Your public key has been saved in /etc/ssh/ssh_host_rsa_key.pub.
[   10.944773] cloud-init[945]: The key fingerprint is:
[   10.945846] cloud-init[945]: SHA256:hEAC2IQaBhbwLSWIJI4PmzV4ydtIzBiBIfBxXhslIjA root@ubuntu-xenial
[   10.948032] cloud-init[945]: The key's randomart image is:
[   10.950255] cloud-init[945]: +---[RSA 2048]----+
[   10.952167] cloud-init[945]: |E&B.* +..        |
[   10.954003] cloud-init[945]: |&%.@ + =         |
[   10.955535] cloud-init[945]: |Bo& o o .        |
[   10.957171] cloud-init[945]: |.O *   .         |
[   10.961338] cloud-init[945]: |o + .   S        |
[   10.962862] cloud-init[945]: |                 |
[   10.964295] cloud-init[945]: |                 |
[   10.967910] cloud-init[945]: |                 |
[   10.969808] cloud-init[945]: |                 |
[   10.971677] cloud-init[945]: +----[SHA256]-----+
[   10.973302] cloud-init[945]: Generating public/private dsa key pair.
[   10.974653] cloud-init[945]: Your identification has been saved in /etc/ssh/ssh_host_dsa_key.
[   10.977301] cloud-init[945]: Your public key has been saved in /etc/ssh/ssh_host_dsa_key.pub.
[   10.979600] cloud-init[945]: The key fingerprint is:
[   10.980776] cloud-init[945]: SHA256:rfBN2JlmNg+kCOJ/m9v0yJdMko7fJOQK4V7JlcsuHJg root@ubuntu-xenial
[   10.982801] cloud-init[945]: The key's randomart image is:
[   10.983946] cloud-init[945]: +---[DSA 1024]----+
[   10.985486] cloud-init[945]: |                 |
[   10.986939] cloud-init[945]: |                 |
[   10.988541] cloud-init[945]: |  . .     .      |
[   10.989871] cloud-init[945]: | . . . . B o     |
[   10.991715] cloud-init[945]: |  . .oo S.%      |
[   10.993625] cloud-init[945]: |   oEo.OoO.+     |
[   10.994887] cloud-init[945]: |    +.=+O+o..    |
[   10.996143] cloud-init[945]: |   . ++O.*+      |
[   10.997317] cloud-init[945]: |    . =+*.o      |
[   10.998497] cloud-init[945]: +----[SHA256]-----+
[   10.999925] cloud-init[945]: Generating public/private ecdsa key pair.
[   11.001585] cloud-init[945]: Your identification has been saved in /etc/ssh/ssh_host_ecdsa_key.
[   11.005553] cloud-init[945]: Your public key has been saved in /etc/ssh/ssh_host_ecdsa_key.pub.
[   11.007780] cloud-init[945]: The key fingerprint is:
[   11.009245] cloud-init[945]: SHA256:5NiMyUNTwbhAwzGWXC1thMpuHbGbAiFOiEb3xFICgeg root@ubuntu-xenial
[   11.011168] cloud-init[945]: The key's randomart image is:
[   11.021272] cloud-init[945]: +---[ECDSA 256]---+
[   11.023046] cloud-init[945]: |*+o*O*.B+.       |
[   11.024343] cloud-init[945]: |*oooO+=.=        |
[   11.025810] cloud-init[945]: |=. o.+o*.        |
[   11.028746] cloud-init[945]: | E. oo+X         |
[   11.031540] cloud-init[945]: |   o .*+S        |
[[0;32m  OK  [0m] Started Initial cloud-init job (metadata service crawler).
[[0;32m  OK  [0m] Reached target Cloud-config availability.
[[0;32m  OK  [0m] Reached target Network is Online.
[   11.051605] cloud-init[945]: |    + +.         |
[   11.067600] cloud-init[945]: |   . .           |
[   11.069163] cloud-init[945]: |                 |
[   11.070989] cloud-init[945]: |                 |
[   11.072539] cloud-init[945]: +----[SHA256]-----+
[   11.073753] cloud-init[945]: Generating public/private ed25519 key pair.
[   11.084434]          Starting iSCSI initiator daemon (iscsid)...
[[0;32m  OK  [0m] Reached target System Initialization.
[[0;32m  OK  [0m] Listening on ACPID Listen Socket.
cloud-init[945]: Your identification has been saved in /etc/ssh/ssh_host_ed25519_key.
[   11.090473] cloud-init[[0;32m  OK  [0m] Started ACPI Events Check.
[[945]: Your public key has been saved in /etc/ssh/ssh_host_ed25519_key.pub.
[   11.093309] cloud-init[945]: The key fingerprint is:
[   11.093389] cloud-init[945]: SHA256:focOJ/wwbyV5cOI3P8PwK00mbesaVij5WhSrtu4TLms root@ubuntu-xenial
[   11.093448] cloud-init[945]: The key's randomart image is:
[   11.093499] cloud-init[945]: +--[ED25519 256]--+
[0;32m  OK  [0m] Reached target Paths.
[[0;32m  OK  [0m] Started Message of the Day.
[[0;32m  OK  [0m] Started Daily Cleanup of Temporary Directories.
[[0;32m  OK  [0m] Listening on UUID daemon activation socket.
[[0;32m  OK  [0m] Listening on D-Bus System Message Bus Socket.
[   11.096146] [[0;32m  OK  [0m] Started Daily apt download activities.
cloud-init[945]: |                 |
[   11.109948] [[0;32m  OK  [0m] Started Daily apt upgrade and clean activities.
[[0;32m  OK  [0m] Reached target Timers.
cloud-init[945]:          Starting LXD - unix socket.
         Starting Socket activation for snappy daemon.
[[0;32m  OK  [0m] Listening on Socket activation for snappy daemon.
[[0;32m  OK  [0m] Listening on LXD - unix socket.
[[0;32m  OK  [0m] Reached target Sockets.
|                 |
[   11.118911] [cloud-init[0;32m  OK  [0m[945]: ] |            .    |Reached target Basic System.

[   11.121268] cloud-init[945]: |          o..+   |
[   11.134349] cloud-init[945]: |        S.o=+..  |
[   11.140921]          cloud-initStarting Login Service...[945]: 
|       o  =*B.=  |
[   11.146203]          Starting Pollinate to seed the pseudo random number generator...
         Starting LSB: Record successful boot for GRUB...
         Starting Virtualbox guest utils...
         Starting /etc/rc.local Compatibility...
cloud-init[945]: |        B.***% . |
[   11.154606] cloud-init[945]: |        E%+*..O  |
[   11.157100] cloud-init[945]: |       ..*O..+o+ |
         Starting System Logging Service...
[   11.165586] cloud-init[945]: +----[SHA256]-----+
         Starting LSB: MD monitoring daemon...
         Starting Snappy daemon...
[[0;32m  OK  [0m] Started Deferred execution scheduler.
[[0;32m  OK  [0m] Started D-Bus System Message Bus.
[[0;32m  OK  [0m] Started ACPI event daemon.
         Starting Accounts Service...
[[0;32m  OK  [0m] Started Regular background program processing daemon.
[[0;32m  OK  [0m] Started FUSE filesystem for LXC.
         Starting LXD - container startup/shutdown...
[[0;32m  OK  [0m] Started System Logging Service.
[[0;32m  OK  [0m] Started /etc/rc.local Compatibility.
[[0;32m  OK  [0m] Started Login Service.
[[0;32m  OK  [0m] Started Unattended Upgrades Shutdown.
[[0;32m  OK  [0m] Started iSCSI initiator daemon (iscsid).
         Starting Login to default iSCSI targets...
[[0;32m  OK  [0m] Started LSB: Record successful boot for GRUB.
[[0;32m  OK  [0m] Started LSB: MD monitoring daemon.
[[0;32m  OK  [0m] Started Login to default iSCSI targets.
[[0;32m  OK  [0m] Reached target Remote File Systems (Pre).
[[0;32m  OK  [0m] Reached target Remote File Systems.
         Starting LSB: Set the CPU Frequency Scaling governor to "ondemand"...
         Starting Permit User Sessions...
         Starting LSB: automatic crash report generation...
         Starting LSB: daemon to balance interrupts for SMP systems...
[[0;32m  OK  [0m] Started Permit User Sessions.
         Starting Terminate Plymouth Boot Screen...
         Starting Hold until boot process finishes up...
[[0;32m  OK  [0m] Started Hold until boot process finishes up.
         Starting Authenticate and Authorize Users to Run Privileged Tasks...
[[0;32m  OK  [0m] Started Serial Getty on ttyS0.
         Starting Set console scheme...
[[0;32m  OK  [0m] Started Getty on tty1.
[[0;32m  OK  [0m] Reached target Login Prompts.
[[0;32m  OK  [0m] Started LXD - container startup/shutdown.
[[0;32m  OK  [0m] Started Terminate Plymouth Boot Screen.
[[0;32m  OK  [0m] Started Set console scheme.
[[0;32m  OK  [0m] Started Virtualbox guest utils.
[[0;32m  OK  [0m] Started Authenticate and Authorize Users to Run Privileged Tasks.
[[0;32m  OK  [0m] Started LSB: automatic crash report generation.
[[0;32m  OK  [0m] Started LSB: Set the CPU Frequency Scaling governor to "ondemand".
[[0;32m  OK  [0m] Started Accounts Service.
[[0;32m  OK  [0m] Started LSB: daemon to balance interrupts for SMP systems.
[[0;32m  OK  [0m] Started Pollinate to seed the pseudo random number generator.
         Starting OpenBSD Secure Shell server...
[[0;32m  OK  [0m] Started Snappy daemon.
         Starting Wait until snapd is fully seeded...
[[0;32m  OK  [0m] Started OpenBSD Secure Shell server.
[[0;32m  OK  [0m] Created slice User Slice of vagrant.
         Starting User Manager for UID 1000...
[[0;32m  OK  [0m] Started Session 1 of user vagrant.
[[0;32m  OK  [0m] Started User Manager for UID 1000.
[[0;32m  OK  [0m] Started Wait until snapd is fully seeded.
         Starting Apply the settings specified in cloud-config...
[[0;32m  OK  [0m] Reached target Multi-User System.
[[0;32m  OK  [0m] Reached target Graphical Interface.
         Starting Update UTMP about System Runlevel Changes...
[[0;32m  OK  [0m] Started Update UTMP about System Runlevel Changes.
[   15.467386] cloud-init[1370]: Generating locales (this might take a while)...
[   17.348282] cloud-init[1370]:   en_US.UTF-8... done
[   17.353469] cloud-init[1370]: Generation complete.

Ubuntu 16.04.6 LTS ubuntu-xenial ttyS0

ubuntu-xenial login: [   17.977809] cloud-init[1370]: Cloud-init v. 19.4-33-gbb4131a2-0ubuntu1~16.04.1 running 'modules:config' at Mon, 23 Mar 2020 19:19:20 +0000. Up 15.15 seconds.
ci-info: no authorized SSH keys fingerprints found for user ubuntu.
<14>Mar 23 19:19:24 ec2: 
<14>Mar 23 19:19:24 ec2: #############################################################
<14>Mar 23 19:19:24 ec2: -----BEGIN SSH HOST KEY FINGERPRINTS-----
<14>Mar 23 19:19:24 ec2: 1024 SHA256:rfBN2JlmNg+kCOJ/m9v0yJdMko7fJOQK4V7JlcsuHJg root@ubuntu-xenial (DSA)
<14>Mar 23 19:19:24 ec2: 256 SHA256:5NiMyUNTwbhAwzGWXC1thMpuHbGbAiFOiEb3xFICgeg root@ubuntu-xenial (ECDSA)
<14>Mar 23 19:19:24 ec2: 256 SHA256:focOJ/wwbyV5cOI3P8PwK00mbesaVij5WhSrtu4TLms root@ubuntu-xenial (ED25519)
<14>Mar 23 19:19:24 ec2: 2048 SHA256:hEAC2IQaBhbwLSWIJI4PmzV4ydtIzBiBIfBxXhslIjA root@ubuntu-xenial (RSA)
<14>Mar 23 19:19:24 ec2: -----END SSH HOST KEY FINGERPRINTS-----
<14>Mar 23 19:19:24 ec2: #############################################################
-----BEGIN SSH HOST KEY KEYS-----
ecdsa-sha2-nistp256 AAAAE2VjZHNhLXNoYTItbmlzdHAyNTYAAAAIbmlzdHAyNTYAAABBBNH8iWAKgNWWjxKgqLndQwsG49d4UOuBDgjYxCoCWbtv2hfJ/C8Tunp46I+vgvpJGR0KCEkmNcrk6ZaXJacXueQ= root@ubuntu-xenial
ssh-ed25519 AAAAC3NzaC1lZDI1NTE5AAAAILr9o7TtpaNpUX57jKencvc9nYLGIP5ScTD5OY/2Dujf root@ubuntu-xenial
ssh-rsa AAAAB3NzaC1yc2EAAAADAQABAAABAQCwu2nthW76jlW0GDYlAr2t/2MeGUJRIHlQhwYsSGjqf1xPVfywbiI3XDqHKA3C7hUEJIDB+DHWLC8kTP+SdQqqBoCOHWcnBtM6x2DcIlT4u+60qOxdX9QX5eyjCx+vcrpmaI/zpdkFuajlMYcrH5ruNjnj3X/GtHk0Dezzz2UuFlpkT28grbpk/06mtmZGhL/mlDLnDru+D2Fyhmw8OTlAgciMt79CsvtVfcahVpd11710F3nSwHoWSj6T2pk3kd+50cDbhVPpholjuD3nCuz82ZMDMQ0Hz1XM4FfdP/3wY6iKExOTf+dKbDSIJnEo4Odb7Wxcx9asl0TIni1q7Ke1 root@ubuntu-xenial
-----END SSH HOST KEY KEYS-----
[   19.143226] cloud-init[1555]: Cloud-init v. 19.4-33-gbb4131a2-0ubuntu1~16.04.1 running 'modules:final' at Mon, 23 Mar 2020 19:19:24 +0000. Up 18.68 seconds.
[   19.147034] cloud-init[1555]: ci-info: no authorized SSH keys fingerprints found for user ubuntu.
[   19.150270] cloud-init[1555]: Cloud-init v. 19.4-33-gbb4131a2-0ubuntu1~16.04.1 finished at Mon, 23 Mar 2020 19:19:24 +0000. Datasource DataSourceNoCloud [seed=/dev/sdb][dsmode=net].  Up 19.10 seconds
